Jun 14 20:50:02 jbossserver rsyslogd: [origin software="rsyslogd" swVersion="7.4.7" x-pid="894" x-info="http://www.rsyslog.com"] rsyslogd was HUPed
Jun 14 20:50:06 jbossserver rhsmd: In order for Subscription Manager to provide your system with updates, your system must be registered with the Customer Portal. Please enter your Red Hat login to ensure your system is up-to-date.
Jun 14 20:50:13 jbossserver dhclient[719]: DHCPREQUEST on eno16777736 to 192.168.43.1 port 67 (xid=0xa5029cb)
Jun 14 20:50:13 jbossserver dhclient[719]: DHCPACK from 192.168.43.1 (xid=0xa5029cb)
Jun 14 20:50:13 jbossserver NetworkManager[672]: <info>  [1497466213.9044] dhcp4 (eno16777736):   address 192.168.43.9
Jun 14 20:50:13 jbossserver NetworkManager[672]: <info>  [1497466213.9080] dhcp4 (eno16777736):   plen 24 (255.255.255.0)
Jun 14 20:50:13 jbossserver NetworkManager[672]: <info>  [1497466213.9081] dhcp4 (eno16777736):   gateway 192.168.43.1
Jun 14 20:50:13 jbossserver NetworkManager[672]: <info>  [1497466213.9081] dhcp4 (eno16777736):   server identifier 192.168.43.1
Jun 14 20:50:13 jbossserver NetworkManager[672]: <info>  [1497466213.9082] dhcp4 (eno16777736):   lease time 3600
Jun 14 20:50:13 jbossserver NetworkManager[672]: <info>  [1497466213.9082] dhcp4 (eno16777736):   hostname 'jbossserver'
Jun 14 20:50:13 jbossserver NetworkManager[672]: <info>  [1497466213.9082] dhcp4 (eno16777736):   nameserver '192.168.43.1'
Jun 14 20:50:13 jbossserver NetworkManager[672]: <info>  [1497466213.9082] dhcp4 (eno16777736): state changed bound -> bound
Jun 14 20:50:13 jbossserver dbus[666]: [system] Activating via systemd: service name='org.freedesktop.nm_dispatcher' unit='dbus-org.freedesktop.nm-dispatcher.service'
Jun 14 20:50:13 jbossserver dbus-daemon: dbus[666]: [system] Activating via systemd: service name='org.freedesktop.nm_dispatcher' unit='dbus-org.freedesktop.nm-dispatcher.service'
Jun 14 20:50:13 jbossserver dhclient[719]: bound to 192.168.43.9 -- renewal in 1478 seconds.
Jun 14 20:50:14 jbossserver systemd: Starting Network Manager Script Dispatcher Service...
Jun 14 20:50:14 jbossserver dbus-daemon: dbus[666]: [system] Successfully activated service 'org.freedesktop.nm_dispatcher'
Jun 14 20:50:14 jbossserver dbus[666]: [system] Successfully activated service 'org.freedesktop.nm_dispatcher'
Jun 14 20:50:14 jbossserver systemd: Started Network Manager Script Dispatcher Service.
Jun 14 20:50:14 jbossserver nm-dispatcher: req:1 'dhcp4-change' [eno16777736]: new request (3 scripts)
Jun 14 20:50:14 jbossserver nm-dispatcher: req:1 'dhcp4-change' [eno16777736]: start running ordered scripts...
Jun 15 13:05:02 jbossserver rsyslogd: [origin software="rsyslogd" swVersion="7.4.7" x-pid="891" x-info="http://www.rsyslog.com"] start
Jun 15 13:03:47 jbossserver kernel: Initializing cgroup subsys cpuset
Jun 15 13:03:47 jbossserver kernel: Initializing cgroup subsys cpu
Jun 15 13:03:47 jbossserver kernel: Initializing cgroup subsys cpuacct
Jun 15 13:03:47 jbossserver kernel: Linux version 3.10.0-514.16.1.el7.x86_64 (builder@kbuilder.dev.centos.org) (gcc version 4.8.5 20150623 (Red Hat 4.8.5-11) (GCC) ) #1 SMP Wed Apr 12 15:04:24 UTC 2017
Jun 15 13:03:47 jbossserver kernel: Command line: BOOT_IMAGE=/vmlinuz-3.10.0-514.16.1.el7.x86_64 root=/dev/mapper/centos-root ro crashkernel=auto rd.lvm.lv=centos/root rd.lvm.lv=centos/swap rhgb quiet LANG=fr_FR.UTF-8
Jun 15 13:03:47 jbossserver kernel: Disabled fast string operations
Jun 15 13:03:47 jbossserver kernel: e820: BIOS-provided physical RAM map:
Jun 15 13:03:47 jbossserver kernel: BIOS-e820: [mem 0x0000000000000000-0x000000000009ebff] usable
Jun 15 13:03:47 jbossserver kernel: BIOS-e820: [mem 0x000000000009ec00-0x000000000009ffff] reserved
Jun 15 13:03:47 jbossserver kernel: BIOS-e820: [mem 0x00000000000dc000-0x00000000000fffff] reserved
Jun 15 13:03:47 jbossserver kernel: BIOS-e820: [mem 0x0000000000100000-0x000000007fedffff] usable
Jun 15 13:03:47 jbossserver kernel: BIOS-e820: [mem 0x000000007fee0000-0x000000007fefefff] ACPI data
Jun 15 13:03:47 jbossserver kernel: BIOS-e820: [mem 0x000000007feff000-0x000000007fefffff] ACPI NVS
Jun 15 13:03:47 jbossserver kernel: BIOS-e820: [mem 0x000000007ff00000-0x000000007fffffff] usable
Jun 15 13:03:47 jbossserver kernel: BIOS-e820: [mem 0x00000000f0000000-0x00000000f7ffffff] reserved
Jun 15 13:03:47 jbossserver kernel: BIOS-e820: [mem 0x00000000fec00000-0x00000000fec0ffff] reserved
Jun 15 13:03:47 jbossserver kernel: BIOS-e820: [mem 0x00000000fee00000-0x00000000fee00fff] reserved
Jun 15 13:03:47 jbossserver kernel: BIOS-e820: [mem 0x00000000fffe0000-0x00000000ffffffff] reserved
Jun 15 13:03:47 jbossserver kernel: NX (Execute Disable) protection: active
Jun 15 13:03:47 jbossserver kernel: SMBIOS 2.7 present.
Jun 15 13:03:47 jbossserver kernel: Hypervisor detected: VMware
Jun 15 13:03:47 jbossserver kernel: e820: last_pfn = 0x80000 max_arch_pfn = 0x400000000
Jun 15 13:03:47 jbossserver kernel: x86 PAT enabled: cpu 0, old 0x7040600070406, new 0x7010600070106
Jun 15 13:03:47 jbossserver kernel: total RAM covered: 3072M
Jun 15 13:03:47 jbossserver kernel: Found optimal setting for mtrr clean up
Jun 15 13:03:47 jbossserver kernel: gran_size: 64K #011chunk_size: 64K #011num_reg: 2  #011lose cover RAM: 0G
Jun 15 13:03:47 jbossserver kernel: found SMP MP-table at [mem 0x000f6a80-0x000f6a8f] mapped at [ffff8800000f6a80]
Jun 15 13:03:47 jbossserver kernel: Using GB pages for direct mapping
Jun 15 13:03:47 jbossserver kernel: RAMDISK: [mem 0x35977000-0x36cb3fff]
Jun 15 13:03:47 jbossserver kernel: ACPI: RSDP 00000000000f6a10 00024 (v02 PTLTD )
Jun 15 13:03:47 jbossserver kernel: ACPI: XSDT 000000007feea633 0005C (v01 INTEL  440BX    06040000 VMW  01324272)
Jun 15 13:03:47 jbossserver kernel: ACPI: FACP 000000007fefee73 000F4 (v04 INTEL  440BX    06040000 PTL  000F4240)
Jun 15 13:03:47 jbossserver kernel: ACPI: DSDT 000000007feec0af 12DC4 (v01 PTLTD  Custom   06040000 MSFT 03000001)
Jun 15 13:03:47 jbossserver kernel: ACPI: FACS 000000007fefffc0 00040
Jun 15 13:03:47 jbossserver kernel: ACPI: BOOT 000000007feec087 00028 (v01 PTLTD  $SBFTBL$ 06040000  LTP 00000001)
Jun 15 13:03:47 jbossserver kernel: ACPI: APIC 000000007feeb8bd 00742 (v01 PTLTD  ? APIC   06040000  LTP 00000000)
Jun 15 13:03:47 jbossserver kernel: ACPI: MCFG 000000007feeb881 0003C (v01 PTLTD  $PCITBL$ 06040000  LTP 00000001)
Jun 15 13:03:47 jbossserver kernel: ACPI: SRAT 000000007feea72f 008D0 (v02 VMWARE MEMPLUG  06040000 VMW  00000001)
Jun 15 13:03:47 jbossserver kernel: ACPI: HPET 000000007feea6f7 00038 (v01 VMWARE VMW HPET 06040000 VMW  00000001)
Jun 15 13:03:47 jbossserver kernel: ACPI: WAET 000000007feea6cf 00028 (v01 VMWARE VMW WAET 06040000 VMW  00000001)
Jun 15 13:03:47 jbossserver kernel: Setting APIC routing to physical flat.
Jun 15 13:03:47 jbossserver kernel: SRAT: PXM 0 -> APIC 0x00 -> Node 0
Jun 15 13:03:47 jbossserver kernel: SRAT: PXM 0 -> APIC 0x02 -> Node 0
Jun 15 13:03:47 jbossserver kernel: SRAT: PXM 0 -> APIC 0x04 -> Node 0
Jun 15 13:03:47 jbossserver kernel: SRAT: PXM 0 -> APIC 0x06 -> Node 0
Jun 15 13:03:47 jbossserver kernel: SRAT: PXM 0 -> APIC 0x08 -> Node 0
Jun 15 13:03:47 jbossserver kernel: SRAT: PXM 0 -> APIC 0x0a -> Node 0
Jun 15 13:03:47 jbossserver kernel: SRAT: PXM 0 -> APIC 0x0c -> Node 0
Jun 15 13:03:47 jbossserver kernel: SRAT: PXM 0 -> APIC 0x0e -> Node 0
Jun 15 13:03:47 jbossserver kernel: SRAT: PXM 0 -> APIC 0x10 -> Node 0
Jun 15 13:03:47 jbossserver kernel: SRAT: PXM 0 -> APIC 0x12 -> Node 0
Jun 15 13:03:47 jbossserver kernel: SRAT: PXM 0 -> APIC 0x14 -> Node 0
Jun 15 13:03:47 jbossserver kernel: SRAT: PXM 0 -> APIC 0x16 -> Node 0
Jun 15 13:03:47 jbossserver kernel: SRAT: PXM 0 -> APIC 0x18 -> Node 0
Jun 15 13:03:47 jbossserver kernel: SRAT: PXM 0 -> APIC 0x1a -> Node 0
Jun 15 13:03:47 jbossserver kernel: SRAT: PXM 0 -> APIC 0x1c -> Node 0
Jun 15 13:03:47 jbossserver kernel: SRAT: PXM 0 -> APIC 0x1e -> Node 0
Jun 15 13:03:47 jbossserver kernel: SRAT: PXM 0 -> APIC 0x20 -> Node 0
Jun 15 13:03:47 jbossserver kernel: SRAT: PXM 0 -> APIC 0x22 -> Node 0
Jun 15 13:03:47 jbossserver kernel: SRAT: PXM 0 -> APIC 0x24 -> Node 0
Jun 15 13:03:47 jbossserver kernel: SRAT: PXM 0 -> APIC 0x26 -> Node 0
Jun 15 13:03:47 jbossserver kernel: SRAT: PXM 0 -> APIC 0x28 -> Node 0
Jun 15 13:03:47 jbossserver kernel: SRAT: PXM 0 -> APIC 0x2a -> Node 0
Jun 15 13:03:47 jbossserver kernel: SRAT: PXM 0 -> APIC 0x2c -> Node 0
Jun 15 13:03:47 jbossserver kernel: SRAT: PXM 0 -> APIC 0x2e -> Node 0
Jun 15 13:03:47 jbossserver kernel: SRAT: PXM 0 -> APIC 0x30 -> Node 0
Jun 15 13:03:47 jbossserver kernel: SRAT: PXM 0 -> APIC 0x32 -> Node 0
Jun 15 13:03:47 jbossserver kernel: SRAT: PXM 0 -> APIC 0x34 -> Node 0
Jun 15 13:03:47 jbossserver kernel: SRAT: PXM 0 -> APIC 0x36 -> Node 0
Jun 15 13:03:47 jbossserver kernel: SRAT: PXM 0 -> APIC 0x38 -> Node 0
Jun 15 13:03:47 jbossserver kernel: SRAT: PXM 0 -> APIC 0x3a -> Node 0
Jun 15 13:03:47 jbossserver kernel: SRAT: PXM 0 -> APIC 0x3c -> Node 0
Jun 15 13:03:47 jbossserver kernel: SRAT: PXM 0 -> APIC 0x3e -> Node 0
Jun 15 13:03:47 jbossserver kernel: SRAT: PXM 0 -> APIC 0x40 -> Node 0
Jun 15 13:03:47 jbossserver kernel: SRAT: PXM 0 -> APIC 0x42 -> Node 0
Jun 15 13:03:47 jbossserver kernel: SRAT: PXM 0 -> APIC 0x44 -> Node 0
Jun 15 13:03:47 jbossserver kernel: SRAT: PXM 0 -> APIC 0x46 -> Node 0
Jun 15 13:03:47 jbossserver kernel: SRAT: PXM 0 -> APIC 0x48 -> Node 0
Jun 15 13:03:47 jbossserver kernel: SRAT: PXM 0 -> APIC 0x4a -> Node 0
Jun 15 13:03:47 jbossserver kernel: SRAT: PXM 0 -> APIC 0x4c -> Node 0
Jun 15 13:03:47 jbossserver kernel: SRAT: PXM 0 -> APIC 0x4e -> Node 0
Jun 15 13:03:47 jbossserver kernel: SRAT: PXM 0 -> APIC 0x50 -> Node 0
Jun 15 13:03:47 jbossserver kernel: SRAT: PXM 0 -> APIC 0x52 -> Node 0
Jun 15 13:03:47 jbossserver kernel: SRAT: PXM 0 -> APIC 0x54 -> Node 0
Jun 15 13:03:47 jbossserver kernel: SRAT: PXM 0 -> APIC 0x56 -> Node 0
Jun 15 13:03:47 jbossserver kernel: SRAT: PXM 0 -> APIC 0x58 -> Node 0
Jun 15 13:03:47 jbossserver kernel: SRAT: PXM 0 -> APIC 0x5a -> Node 0
Jun 15 13:03:47 jbossserver kernel: SRAT: PXM 0 -> APIC 0x5c -> Node 0
Jun 15 13:03:47 jbossserver kernel: SRAT: PXM 0 -> APIC 0x5e -> Node 0
Jun 15 13:03:47 jbossserver kernel: SRAT: PXM 0 -> APIC 0x60 -> Node 0
Jun 15 13:03:47 jbossserver kernel: SRAT: PXM 0 -> APIC 0x62 -> Node 0
Jun 15 13:03:47 jbossserver kernel: SRAT: PXM 0 -> APIC 0x64 -> Node 0
Jun 15 13:03:47 jbossserver kernel: SRAT: PXM 0 -> APIC 0x66 -> Node 0
Jun 15 13:03:47 jbossserver kernel: SRAT: PXM 0 -> APIC 0x68 -> Node 0
Jun 15 13:03:47 jbossserver kernel: SRAT: PXM 0 -> APIC 0x6a -> Node 0
Jun 15 13:03:48 jbossserver kernel: SRAT: PXM 0 -> APIC 0x6c -> Node 0
Jun 15 13:03:48 jbossserver kernel: SRAT: PXM 0 -> APIC 0x6e -> Node 0
Jun 15 13:03:48 jbossserver kernel: SRAT: PXM 0 -> APIC 0x70 -> Node 0
Jun 15 13:03:48 jbossserver kernel: SRAT: PXM 0 -> APIC 0x72 -> Node 0
Jun 15 13:03:48 jbossserver kernel: SRAT: PXM 0 -> APIC 0x74 -> Node 0
Jun 15 13:03:48 jbossserver kernel: SRAT: PXM 0 -> APIC 0x76 -> Node 0
Jun 15 13:03:48 jbossserver kernel: SRAT: PXM 0 -> APIC 0x78 -> Node 0
Jun 15 13:03:48 jbossserver kernel: SRAT: PXM 0 -> APIC 0x7a -> Node 0
Jun 15 13:03:48 jbossserver kernel: SRAT: PXM 0 -> APIC 0x7c -> Node 0
Jun 15 13:03:48 jbossserver kernel: SRAT: PXM 0 -> APIC 0x7e -> Node 0
Jun 15 13:03:48 jbossserver kernel: SRAT: PXM 0 -> APIC 0x80 -> Node 0
Jun 15 13:03:48 jbossserver kernel: SRAT: PXM 0 -> APIC 0x82 -> Node 0
Jun 15 13:03:48 jbossserver kernel: SRAT: PXM 0 -> APIC 0x84 -> Node 0
Jun 15 13:03:48 jbossserver kernel: SRAT: PXM 0 -> APIC 0x86 -> Node 0
Jun 15 13:03:48 jbossserver kernel: SRAT: PXM 0 -> APIC 0x88 -> Node 0
Jun 15 13:03:48 jbossserver kernel: SRAT: PXM 0 -> APIC 0x8a -> Node 0
Jun 15 13:03:48 jbossserver kernel: SRAT: PXM 0 -> APIC 0x8c -> Node 0
Jun 15 13:03:48 jbossserver kernel: SRAT: PXM 0 -> APIC 0x8e -> Node 0
Jun 15 13:03:48 jbossserver kernel: SRAT: PXM 0 -> APIC 0x90 -> Node 0
Jun 15 13:03:48 jbossserver kernel: SRAT: PXM 0 -> APIC 0x92 -> Node 0
Jun 15 13:03:48 jbossserver kernel: SRAT: PXM 0 -> APIC 0x94 -> Node 0
Jun 15 13:03:48 jbossserver kernel: SRAT: PXM 0 -> APIC 0x96 -> Node 0
Jun 15 13:03:48 jbossserver kernel: SRAT: PXM 0 -> APIC 0x98 -> Node 0
Jun 15 13:03:48 jbossserver kernel: SRAT: PXM 0 -> APIC 0x9a -> Node 0
Jun 15 13:03:48 jbossserver kernel: SRAT: PXM 0 -> APIC 0x9c -> Node 0
Jun 15 13:03:48 jbossserver kernel: SRAT: PXM 0 -> APIC 0x9e -> Node 0
Jun 15 13:03:48 jbossserver kernel: SRAT: PXM 0 -> APIC 0xa0 -> Node 0
Jun 15 13:03:48 jbossserver kernel: SRAT: PXM 0 -> APIC 0xa2 -> Node 0
Jun 15 13:03:48 jbossserver kernel: SRAT: PXM 0 -> APIC 0xa4 -> Node 0
Jun 15 13:03:48 jbossserver kernel: SRAT: PXM 0 -> APIC 0xa6 -> Node 0
Jun 15 13:03:48 jbossserver kernel: SRAT: PXM 0 -> APIC 0xa8 -> Node 0
Jun 15 13:03:48 jbossserver kernel: SRAT: PXM 0 -> APIC 0xaa -> Node 0
Jun 15 13:03:48 jbossserver kernel: SRAT: PXM 0 -> APIC 0xac -> Node 0
Jun 15 13:03:48 jbossserver kernel: SRAT: PXM 0 -> APIC 0xae -> Node 0
Jun 15 13:03:48 jbossserver kernel: SRAT: PXM 0 -> APIC 0xb0 -> Node 0
Jun 15 13:03:48 jbossserver kernel: SRAT: PXM 0 -> APIC 0xb2 -> Node 0
Jun 15 13:03:48 jbossserver kernel: SRAT: PXM 0 -> APIC 0xb4 -> Node 0
Jun 15 13:03:48 jbossserver kernel: SRAT: PXM 0 -> APIC 0xb6 -> Node 0
Jun 15 13:03:48 jbossserver kernel: SRAT: PXM 0 -> APIC 0xb8 -> Node 0
Jun 15 13:03:48 jbossserver kernel: SRAT: PXM 0 -> APIC 0xba -> Node 0
Jun 15 13:03:48 jbossserver kernel: SRAT: PXM 0 -> APIC 0xbc -> Node 0
Jun 15 13:03:48 jbossserver kernel: SRAT: PXM 0 -> APIC 0xbe -> Node 0
Jun 15 13:03:48 jbossserver kernel: SRAT: PXM 0 -> APIC 0xc0 -> Node 0
Jun 15 13:03:48 jbossserver kernel: SRAT: PXM 0 -> APIC 0xc2 -> Node 0
Jun 15 13:03:48 jbossserver kernel: SRAT: PXM 0 -> APIC 0xc4 -> Node 0
Jun 15 13:03:48 jbossserver kernel: SRAT: PXM 0 -> APIC 0xc6 -> Node 0
Jun 15 13:03:48 jbossserver kernel: SRAT: PXM 0 -> APIC 0xc8 -> Node 0
Jun 15 13:03:48 jbossserver kernel: SRAT: PXM 0 -> APIC 0xca -> Node 0
Jun 15 13:03:48 jbossserver kernel: SRAT: PXM 0 -> APIC 0xcc -> Node 0
Jun 15 13:03:48 jbossserver kernel: SRAT: PXM 0 -> APIC 0xce -> Node 0
Jun 15 13:03:48 jbossserver kernel: SRAT: PXM 0 -> APIC 0xd0 -> Node 0
Jun 15 13:03:48 jbossserver kernel: SRAT: PXM 0 -> APIC 0xd2 -> Node 0
Jun 15 13:03:48 jbossserver kernel: SRAT: PXM 0 -> APIC 0xd4 -> Node 0
Jun 15 13:03:48 jbossserver kernel: SRAT: PXM 0 -> APIC 0xd6 -> Node 0
Jun 15 13:03:48 jbossserver kernel: SRAT: PXM 0 -> APIC 0xd8 -> Node 0
Jun 15 13:03:48 jbossserver kernel: SRAT: PXM 0 -> APIC 0xda -> Node 0
Jun 15 13:03:48 jbossserver kernel: SRAT: PXM 0 -> APIC 0xdc -> Node 0
Jun 15 13:03:48 jbossserver kernel: SRAT: PXM 0 -> APIC 0xde -> Node 0
Jun 15 13:03:48 jbossserver kernel: SRAT: PXM 0 -> APIC 0xe0 -> Node 0
Jun 15 13:03:48 jbossserver kernel: SRAT: PXM 0 -> APIC 0xe2 -> Node 0
Jun 15 13:03:48 jbossserver kernel: SRAT: PXM 0 -> APIC 0xe4 -> Node 0
Jun 15 13:03:48 jbossserver kernel: SRAT: PXM 0 -> APIC 0xe6 -> Node 0
Jun 15 13:03:48 jbossserver kernel: SRAT: PXM 0 -> APIC 0xe8 -> Node 0
Jun 15 13:03:48 jbossserver kernel: SRAT: PXM 0 -> APIC 0xea -> Node 0
Jun 15 13:03:48 jbossserver kernel: SRAT: PXM 0 -> APIC 0xec -> Node 0
Jun 15 13:03:48 jbossserver kernel: SRAT: PXM 0 -> APIC 0xee -> Node 0
Jun 15 13:03:48 jbossserver kernel: SRAT: PXM 0 -> APIC 0xf0 -> Node 0
Jun 15 13:03:48 jbossserver kernel: SRAT: PXM 0 -> APIC 0xf2 -> Node 0
Jun 15 13:03:48 jbossserver kernel: SRAT: PXM 0 -> APIC 0xf4 -> Node 0
Jun 15 13:03:48 jbossserver kernel: SRAT: PXM 0 -> APIC 0xf6 -> Node 0
Jun 15 13:03:48 jbossserver kernel: SRAT: PXM 0 -> APIC 0xf8 -> Node 0
Jun 15 13:03:48 jbossserver kernel: SRAT: PXM 0 -> APIC 0xfa -> Node 0
Jun 15 13:03:48 jbossserver kernel: SRAT: PXM 0 -> APIC 0xfc -> Node 0
Jun 15 13:03:48 jbossserver kernel: SRAT: PXM 0 -> APIC 0xfe -> Node 0
Jun 15 13:03:48 jbossserver kernel: SRAT: Node 0 PXM 0 [mem 0x00000000-0x0009ffff]
Jun 15 13:03:48 jbossserver kernel: SRAT: Node 0 PXM 0 [mem 0x00100000-0x0fffffff]
Jun 15 13:03:48 jbossserver kernel: SRAT: Node 0 PXM 0 [mem 0x10000000-0x7fffffff]
Jun 15 13:03:48 jbossserver kernel: SRAT: Node 0 PXM 0 [mem 0x80000000-0xbfffffff] hotplug
Jun 15 13:03:48 jbossserver kernel: NUMA: Node 0 [mem 0x00000000-0x0009ffff] + [mem 0x00100000-0x0fffffff] -> [mem 0x00000000-0x0fffffff]
Jun 15 13:03:48 jbossserver kernel: NUMA: Node 0 [mem 0x00000000-0x0fffffff] + [mem 0x10000000-0x7fffffff] -> [mem 0x00000000-0x7fffffff]
Jun 15 13:03:48 jbossserver kernel: Initmem setup node 0 [mem 0x00000000-0x7fffffff]
Jun 15 13:03:48 jbossserver kernel:  NODE_DATA [mem 0x7ffd9000-0x7fffffff]
Jun 15 13:03:48 jbossserver kernel: Reserving 161MB of memory at 688MB for crashkernel (System RAM: 2047MB)
Jun 15 13:03:48 jbossserver kernel: Zone ranges:
Jun 15 13:03:48 jbossserver kernel:  DMA      [mem 0x00001000-0x00ffffff]
Jun 15 13:03:48 jbossserver kernel:  DMA32    [mem 0x01000000-0xffffffff]
Jun 15 13:03:48 jbossserver kernel:  Normal   empty
Jun 15 13:03:48 jbossserver kernel: Movable zone start for each node
Jun 15 13:03:48 jbossserver kernel: Early memory node ranges
Jun 15 13:03:48 jbossserver kernel:  node   0: [mem 0x00001000-0x0009dfff]
Jun 15 13:03:48 jbossserver kernel:  node   0: [mem 0x00100000-0x7fedffff]
Jun 15 13:03:48 jbossserver kernel:  node   0: [mem 0x7ff00000-0x7fffffff]
Jun 15 13:03:48 jbossserver kernel: ACPI: PM-Timer IO Port: 0x1008
Jun 15 13:03:48 jbossserver kernel: ACPI: LAPIC (acpi_id[0x00] lapic_id[0x00] enabled)
Jun 15 13:03:48 jbossserver kernel: ACPI: LAPIC (acpi_id[0x01] lapic_id[0x02] enabled)
Jun 15 13:03:48 jbossserver kernel: ACPI: LAPIC (acpi_id[0x02] lapic_id[0x04] disabled)
Jun 15 13:03:48 jbossserver kernel: ACPI: LAPIC (acpi_id[0x03] lapic_id[0x06] disabled)
Jun 15 13:03:48 jbossserver kernel: ACPI: LAPIC (acpi_id[0x04] lapic_id[0x08] disabled)
Jun 15 13:03:48 jbossserver kernel: ACPI: LAPIC (acpi_id[0x05] lapic_id[0x0a] disabled)
Jun 15 13:03:48 jbossserver kernel: ACPI: LAPIC (acpi_id[0x06] lapic_id[0x0c] disabled)
Jun 15 13:03:48 jbossserver kernel: ACPI: LAPIC (acpi_id[0x07] lapic_id[0x0e] disabled)
Jun 15 13:03:48 jbossserver kernel: ACPI: LAPIC (acpi_id[0x08] lapic_id[0x10] disabled)
Jun 15 13:03:48 jbossserver kernel: ACPI: LAPIC (acpi_id[0x09] lapic_id[0x12] disabled)
Jun 15 13:03:48 jbossserver kernel: ACPI: LAPIC (acpi_id[0x0a] lapic_id[0x14] disabled)
Jun 15 13:03:48 jbossserver kernel: ACPI: LAPIC (acpi_id[0x0b] lapic_id[0x16] disabled)
Jun 15 13:03:48 jbossserver kernel: ACPI: LAPIC (acpi_id[0x0c] lapic_id[0x18] disabled)
Jun 15 13:03:48 jbossserver kernel: ACPI: LAPIC (acpi_id[0x0d] lapic_id[0x1a] disabled)
Jun 15 13:03:48 jbossserver kernel: ACPI: LAPIC (acpi_id[0x0e] lapic_id[0x1c] disabled)
Jun 15 13:03:48 jbossserver kernel: ACPI: LAPIC (acpi_id[0x0f] lapic_id[0x1e] disabled)
Jun 15 13:03:48 jbossserver kernel: ACPI: LAPIC (acpi_id[0x10] lapic_id[0x20] disabled)
Jun 15 13:03:48 jbossserver kernel: ACPI: LAPIC (acpi_id[0x11] lapic_id[0x22] disabled)
Jun 15 13:03:48 jbossserver kernel: ACPI: LAPIC (acpi_id[0x12] lapic_id[0x24] disabled)
Jun 15 13:03:48 jbossserver kernel: ACPI: LAPIC (acpi_id[0x13] lapic_id[0x26] disabled)
Jun 15 13:03:48 jbossserver kernel: ACPI: LAPIC (acpi_id[0x14] lapic_id[0x28] disabled)
Jun 15 13:03:48 jbossserver kernel: ACPI: LAPIC (acpi_id[0x15] lapic_id[0x2a] disabled)
Jun 15 13:03:48 jbossserver kernel: ACPI: LAPIC (acpi_id[0x16] lapic_id[0x2c] disabled)
Jun 15 13:03:48 jbossserver kernel: ACPI: LAPIC (acpi_id[0x17] lapic_id[0x2e] disabled)
Jun 15 13:03:48 jbossserver kernel: ACPI: LAPIC (acpi_id[0x18] lapic_id[0x30] disabled)
Jun 15 13:03:48 jbossserver kernel: ACPI: LAPIC (acpi_id[0x19] lapic_id[0x32] disabled)
Jun 15 13:03:48 jbossserver kernel: ACPI: LAPIC (acpi_id[0x1a] lapic_id[0x34] disabled)
Jun 15 13:03:48 jbossserver kernel: ACPI: LAPIC (acpi_id[0x1b] lapic_id[0x36] disabled)
Jun 15 13:03:48 jbossserver kernel: ACPI: LAPIC (acpi_id[0x1c] lapic_id[0x38] disabled)
Jun 15 13:03:48 jbossserver kernel: ACPI: LAPIC (acpi_id[0x1d] lapic_id[0x3a] disabled)
Jun 15 13:03:48 jbossserver kernel: ACPI: LAPIC (acpi_id[0x1e] lapic_id[0x3c] disabled)
Jun 15 13:03:48 jbossserver kernel: ACPI: LAPIC (acpi_id[0x1f] lapic_id[0x3e] disabled)
Jun 15 13:03:48 jbossserver kernel: ACPI: LAPIC (acpi_id[0x20] lapic_id[0x40] disabled)
Jun 15 13:03:48 jbossserver kernel: ACPI: LAPIC (acpi_id[0x21] lapic_id[0x42] disabled)
Jun 15 13:03:48 jbossserver kernel: ACPI: LAPIC (acpi_id[0x22] lapic_id[0x44] disabled)
Jun 15 13:03:48 jbossserver kernel: ACPI: LAPIC (acpi_id[0x23] lapic_id[0x46] disabled)
Jun 15 13:03:48 jbossserver kernel: ACPI: LAPIC (acpi_id[0x24] lapic_id[0x48] disabled)
Jun 15 13:03:48 jbossserver kernel: ACPI: LAPIC (acpi_id[0x25] lapic_id[0x4a] disabled)
Jun 15 13:03:48 jbossserver kernel: ACPI: LAPIC (acpi_id[0x26] lapic_id[0x4c] disabled)
Jun 15 13:03:48 jbossserver kernel: ACPI: LAPIC (acpi_id[0x27] lapic_id[0x4e] disabled)
Jun 15 13:03:48 jbossserver kernel: ACPI: LAPIC (acpi_id[0x28] lapic_id[0x50] disabled)
Jun 15 13:03:48 jbossserver kernel: ACPI: LAPIC (acpi_id[0x29] lapic_id[0x52] disabled)
Jun 15 13:03:48 jbossserver kernel: ACPI: LAPIC (acpi_id[0x2a] lapic_id[0x54] disabled)
Jun 15 13:03:48 jbossserver kernel: ACPI: LAPIC (acpi_id[0x2b] lapic_id[0x56] disabled)
Jun 15 13:03:48 jbossserver kernel: ACPI: LAPIC (acpi_id[0x2c] lapic_id[0x58] disabled)
Jun 15 13:03:48 jbossserver kernel: ACPI: LAPIC (acpi_id[0x2d] lapic_id[0x5a] disabled)
Jun 15 13:03:48 jbossserver kernel: ACPI: LAPIC (acpi_id[0x2e] lapic_id[0x5c] disabled)
Jun 15 13:03:48 jbossserver kernel: ACPI: LAPIC (acpi_id[0x2f] lapic_id[0x5e] disabled)
Jun 15 13:03:48 jbossserver kernel: ACPI: LAPIC (acpi_id[0x30] lapic_id[0x60] disabled)
Jun 15 13:03:48 jbossserver kernel: ACPI: LAPIC (acpi_id[0x31] lapic_id[0x62] disabled)
Jun 15 13:03:48 jbossserver kernel: ACPI: LAPIC (acpi_id[0x32] lapic_id[0x64] disabled)
Jun 15 13:03:48 jbossserver kernel: ACPI: LAPIC (acpi_id[0x33] lapic_id[0x66] disabled)
Jun 15 13:03:48 jbossserver kernel: ACPI: LAPIC (acpi_id[0x34] lapic_id[0x68] disabled)
Jun 15 13:03:48 jbossserver kernel: ACPI: LAPIC (acpi_id[0x35] lapic_id[0x6a] disabled)
Jun 15 13:03:48 jbossserver kernel: ACPI: LAPIC (acpi_id[0x36] lapic_id[0x6c] disabled)
Jun 15 13:03:48 jbossserver kernel: ACPI: LAPIC (acpi_id[0x37] lapic_id[0x6e] disabled)
Jun 15 13:03:48 jbossserver kernel: ACPI: LAPIC (acpi_id[0x38] lapic_id[0x70] disabled)
Jun 15 13:03:48 jbossserver kernel: ACPI: LAPIC (acpi_id[0x39] lapic_id[0x72] disabled)
Jun 15 13:03:48 jbossserver kernel: ACPI: LAPIC (acpi_id[0x3a] lapic_id[0x74] disabled)
Jun 15 13:03:48 jbossserver kernel: ACPI: LAPIC (acpi_id[0x3b] lapic_id[0x76] disabled)
Jun 15 13:03:48 jbossserver kernel: ACPI: LAPIC (acpi_id[0x3c] lapic_id[0x78] disabled)
Jun 15 13:03:48 jbossserver kernel: ACPI: LAPIC (acpi_id[0x3d] lapic_id[0x7a] disabled)
Jun 15 13:03:48 jbossserver kernel: ACPI: LAPIC (acpi_id[0x3e] lapic_id[0x7c] disabled)
Jun 15 13:03:48 jbossserver kernel: ACPI: LAPIC (acpi_id[0x3f] lapic_id[0x7e] disabled)
Jun 15 13:03:48 jbossserver kernel: ACPI: LAPIC (acpi_id[0x40] lapic_id[0x80] disabled)
Jun 15 13:03:48 jbossserver kernel: ACPI: LAPIC (acpi_id[0x41] lapic_id[0x82] disabled)
Jun 15 13:03:48 jbossserver kernel: ACPI: LAPIC (acpi_id[0x42] lapic_id[0x84] disabled)
Jun 15 13:03:48 jbossserver kernel: ACPI: LAPIC (acpi_id[0x43] lapic_id[0x86] disabled)
Jun 15 13:03:48 jbossserver kernel: ACPI: LAPIC (acpi_id[0x44] lapic_id[0x88] disabled)
Jun 15 13:03:48 jbossserver kernel: ACPI: LAPIC (acpi_id[0x45] lapic_id[0x8a] disabled)
Jun 15 13:03:48 jbossserver kernel: ACPI: LAPIC (acpi_id[0x46] lapic_id[0x8c] disabled)
Jun 15 13:03:48 jbossserver kernel: ACPI: LAPIC (acpi_id[0x47] lapic_id[0x8e] disabled)
Jun 15 13:03:48 jbossserver kernel: ACPI: LAPIC (acpi_id[0x48] lapic_id[0x90] disabled)
Jun 15 13:03:48 jbossserver kernel: ACPI: LAPIC (acpi_id[0x49] lapic_id[0x92] disabled)
Jun 15 13:03:48 jbossserver kernel: ACPI: LAPIC (acpi_id[0x4a] lapic_id[0x94] disabled)
Jun 15 13:03:48 jbossserver kernel: ACPI: LAPIC (acpi_id[0x4b] lapic_id[0x96] disabled)
Jun 15 13:03:48 jbossserver kernel: ACPI: LAPIC (acpi_id[0x4c] lapic_id[0x98] disabled)
Jun 15 13:03:48 jbossserver kernel: ACPI: LAPIC (acpi_id[0x4d] lapic_id[0x9a] disabled)
Jun 15 13:03:48 jbossserver kernel: ACPI: LAPIC (acpi_id[0x4e] lapic_id[0x9c] disabled)
Jun 15 13:03:48 jbossserver kernel: ACPI: LAPIC (acpi_id[0x4f] lapic_id[0x9e] disabled)
Jun 15 13:03:48 jbossserver kernel: ACPI: LAPIC (acpi_id[0x50] lapic_id[0xa0] disabled)
Jun 15 13:03:48 jbossserver kernel: ACPI: LAPIC (acpi_id[0x51] lapic_id[0xa2] disabled)
Jun 15 13:03:48 jbossserver kernel: ACPI: LAPIC (acpi_id[0x52] lapic_id[0xa4] disabled)
Jun 15 13:03:48 jbossserver kernel: ACPI: LAPIC (acpi_id[0x53] lapic_id[0xa6] disabled)
Jun 15 13:03:48 jbossserver kernel: ACPI: LAPIC (acpi_id[0x54] lapic_id[0xa8] disabled)
Jun 15 13:03:48 jbossserver kernel: ACPI: LAPIC (acpi_id[0x55] lapic_id[0xaa] disabled)
Jun 15 13:03:48 jbossserver kernel: ACPI: LAPIC (acpi_id[0x56] lapic_id[0xac] disabled)
Jun 15 13:03:48 jbossserver kernel: ACPI: LAPIC (acpi_id[0x57] lapic_id[0xae] disabled)
Jun 15 13:03:48 jbossserver kernel: ACPI: LAPIC (acpi_id[0x58] lapic_id[0xb0] disabled)
Jun 15 13:03:48 jbossserver kernel: ACPI: LAPIC (acpi_id[0x59] lapic_id[0xb2] disabled)
Jun 15 13:03:48 jbossserver kernel: ACPI: LAPIC (acpi_id[0x5a] lapic_id[0xb4] disabled)
Jun 15 13:03:48 jbossserver kernel: ACPI: LAPIC (acpi_id[0x5b] lapic_id[0xb6] disabled)
Jun 15 13:03:48 jbossserver kernel: ACPI: LAPIC (acpi_id[0x5c] lapic_id[0xb8] disabled)
Jun 15 13:03:48 jbossserver kernel: ACPI: LAPIC (acpi_id[0x5d] lapic_id[0xba] disabled)
Jun 15 13:03:48 jbossserver kernel: ACPI: LAPIC (acpi_id[0x5e] lapic_id[0xbc] disabled)
Jun 15 13:03:48 jbossserver kernel: ACPI: LAPIC (acpi_id[0x5f] lapic_id[0xbe] disabled)
Jun 15 13:03:48 jbossserver kernel: ACPI: LAPIC (acpi_id[0x60] lapic_id[0xc0] disabled)
Jun 15 13:03:48 jbossserver kernel: ACPI: LAPIC (acpi_id[0x61] lapic_id[0xc2] disabled)
Jun 15 13:03:48 jbossserver kernel: ACPI: LAPIC (acpi_id[0x62] lapic_id[0xc4] disabled)
Jun 15 13:03:48 jbossserver kernel: ACPI: LAPIC (acpi_id[0x63] lapic_id[0xc6] disabled)
Jun 15 13:03:48 jbossserver kernel: ACPI: LAPIC (acpi_id[0x64] lapic_id[0xc8] disabled)
Jun 15 13:03:48 jbossserver kernel: ACPI: LAPIC (acpi_id[0x65] lapic_id[0xca] disabled)
Jun 15 13:03:48 jbossserver kernel: ACPI: LAPIC (acpi_id[0x66] lapic_id[0xcc] disabled)
Jun 15 13:03:48 jbossserver kernel: ACPI: LAPIC (acpi_id[0x67] lapic_id[0xce] disabled)
Jun 15 13:03:48 jbossserver kernel: ACPI: LAPIC (acpi_id[0x68] lapic_id[0xd0] disabled)
Jun 15 13:03:48 jbossserver kernel: ACPI: LAPIC (acpi_id[0x69] lapic_id[0xd2] disabled)
Jun 15 13:03:48 jbossserver kernel: ACPI: LAPIC (acpi_id[0x6a] lapic_id[0xd4] disabled)
Jun 15 13:03:48 jbossserver kernel: ACPI: LAPIC (acpi_id[0x6b] lapic_id[0xd6] disabled)
Jun 15 13:03:48 jbossserver kernel: ACPI: LAPIC (acpi_id[0x6c] lapic_id[0xd8] disabled)
Jun 15 13:03:48 jbossserver kernel: ACPI: LAPIC (acpi_id[0x6d] lapic_id[0xda] disabled)
Jun 15 13:03:48 jbossserver kernel: ACPI: LAPIC (acpi_id[0x6e] lapic_id[0xdc] disabled)
Jun 15 13:03:48 jbossserver kernel: ACPI: LAPIC (acpi_id[0x6f] lapic_id[0xde] disabled)
Jun 15 13:03:48 jbossserver kernel: ACPI: LAPIC (acpi_id[0x70] lapic_id[0xe0] disabled)
Jun 15 13:03:48 jbossserver kernel: ACPI: LAPIC (acpi_id[0x71] lapic_id[0xe2] disabled)
Jun 15 13:03:48 jbossserver kernel: ACPI: LAPIC (acpi_id[0x72] lapic_id[0xe4] disabled)
Jun 15 13:03:48 jbossserver kernel: ACPI: LAPIC (acpi_id[0x73] lapic_id[0xe6] disabled)
Jun 15 13:03:48 jbossserver kernel: ACPI: LAPIC (acpi_id[0x74] lapic_id[0xe8] disabled)
Jun 15 13:03:48 jbossserver kernel: ACPI: LAPIC (acpi_id[0x75] lapic_id[0xea] disabled)
Jun 15 13:03:48 jbossserver kernel: ACPI: LAPIC (acpi_id[0x76] lapic_id[0xec] disabled)
Jun 15 13:03:48 jbossserver kernel: ACPI: LAPIC (acpi_id[0x77] lapic_id[0xee] disabled)
Jun 15 13:03:48 jbossserver kernel: ACPI: LAPIC (acpi_id[0x78] lapic_id[0xf0] disabled)
Jun 15 13:03:48 jbossserver kernel: ACPI: LAPIC (acpi_id[0x79] lapic_id[0xf2] disabled)
Jun 15 13:03:48 jbossserver kernel: ACPI: LAPIC (acpi_id[0x7a] lapic_id[0xf4] disabled)
Jun 15 13:03:48 jbossserver kernel: ACPI: LAPIC (acpi_id[0x7b] lapic_id[0xf6] disabled)
Jun 15 13:03:48 jbossserver kernel: ACPI: LAPIC (acpi_id[0x7c] lapic_id[0xf8] disabled)
Jun 15 13:03:48 jbossserver kernel: ACPI: LAPIC (acpi_id[0x7d] lapic_id[0xfa] disabled)
Jun 15 13:03:48 jbossserver kernel: ACPI: LAPIC (acpi_id[0x7e] lapic_id[0xfc] disabled)
Jun 15 13:03:48 jbossserver kernel: ACPI: LAPIC (acpi_id[0x7f] lapic_id[0xfe] disabled)
Jun 15 13:03:48 jbossserver kernel: ACPI: LAPIC_NMI (acpi_id[0x00] high edge lint[0x1])
Jun 15 13:03:48 jbossserver kernel: ACPI: LAPIC_NMI (acpi_id[0x01] high edge lint[0x1])
Jun 15 13:03:48 jbossserver kernel: ACPI: LAPIC_NMI (acpi_id[0x02] high edge lint[0x1])
Jun 15 13:03:48 jbossserver kernel: ACPI: LAPIC_NMI (acpi_id[0x03] high edge lint[0x1])
Jun 15 13:03:48 jbossserver kernel: ACPI: LAPIC_NMI (acpi_id[0x04] high edge lint[0x1])
Jun 15 13:03:48 jbossserver kernel: ACPI: LAPIC_NMI (acpi_id[0x05] high edge lint[0x1])
Jun 15 13:03:48 jbossserver kernel: ACPI: LAPIC_NMI (acpi_id[0x06] high edge lint[0x1])
Jun 15 13:03:48 jbossserver kernel: ACPI: LAPIC_NMI (acpi_id[0x07] high edge lint[0x1])
Jun 15 13:03:48 jbossserver kernel: ACPI: LAPIC_NMI (acpi_id[0x08] high edge lint[0x1])
Jun 15 13:03:48 jbossserver kernel: ACPI: LAPIC_NMI (acpi_id[0x09] high edge lint[0x1])
Jun 15 13:03:48 jbossserver kernel: ACPI: LAPIC_NMI (acpi_id[0x0a] high edge lint[0x1])
Jun 15 13:03:48 jbossserver kernel: ACPI: LAPIC_NMI (acpi_id[0x0b] high edge lint[0x1])
Jun 15 13:03:48 jbossserver kernel: ACPI: LAPIC_NMI (acpi_id[0x0c] high edge lint[0x1])
Jun 15 13:03:48 jbossserver kernel: ACPI: LAPIC_NMI (acpi_id[0x0d] high edge lint[0x1])
Jun 15 13:03:48 jbossserver kernel: ACPI: LAPIC_NMI (acpi_id[0x0e] high edge lint[0x1])
Jun 15 13:03:48 jbossserver kernel: ACPI: LAPIC_NMI (acpi_id[0x0f] high edge lint[0x1])
Jun 15 13:03:48 jbossserver kernel: ACPI: LAPIC_NMI (acpi_id[0x10] high edge lint[0x1])
Jun 15 13:03:48 jbossserver kernel: ACPI: LAPIC_NMI (acpi_id[0x11] high edge lint[0x1])
Jun 15 13:03:48 jbossserver kernel: ACPI: LAPIC_NMI (acpi_id[0x12] high edge lint[0x1])
Jun 15 13:03:48 jbossserver kernel: ACPI: LAPIC_NMI (acpi_id[0x13] high edge lint[0x1])
Jun 15 13:03:48 jbossserver kernel: ACPI: LAPIC_NMI (acpi_id[0x14] high edge lint[0x1])
Jun 15 13:03:48 jbossserver kernel: ACPI: LAPIC_NMI (acpi_id[0x15] high edge lint[0x1])
Jun 15 13:03:48 jbossserver kernel: ACPI: LAPIC_NMI (acpi_id[0x16] high edge lint[0x1])
Jun 15 13:03:48 jbossserver kernel: ACPI: LAPIC_NMI (acpi_id[0x17] high edge lint[0x1])
Jun 15 13:03:48 jbossserver kernel: ACPI: LAPIC_NMI (acpi_id[0x18] high edge lint[0x1])
Jun 15 13:03:48 jbossserver kernel: ACPI: LAPIC_NMI (acpi_id[0x19] high edge lint[0x1])
Jun 15 13:03:48 jbossserver kernel: ACPI: LAPIC_NMI (acpi_id[0x1a] high edge lint[0x1])
Jun 15 13:03:48 jbossserver kernel: ACPI: LAPIC_NMI (acpi_id[0x1b] high edge lint[0x1])
Jun 15 13:03:48 jbossserver kernel: ACPI: LAPIC_NMI (acpi_id[0x1c] high edge lint[0x1])
Jun 15 13:03:48 jbossserver kernel: ACPI: LAPIC_NMI (acpi_id[0x1d] high edge lint[0x1])
Jun 15 13:03:48 jbossserver kernel: ACPI: LAPIC_NMI (acpi_id[0x1e] high edge lint[0x1])
Jun 15 13:03:48 jbossserver kernel: ACPI: LAPIC_NMI (acpi_id[0x1f] high edge lint[0x1])
Jun 15 13:03:48 jbossserver kernel: ACPI: LAPIC_NMI (acpi_id[0x20] high edge lint[0x1])
Jun 15 13:03:48 jbossserver kernel: ACPI: LAPIC_NMI (acpi_id[0x21] high edge lint[0x1])
Jun 15 13:03:48 jbossserver kernel: ACPI: LAPIC_NMI (acpi_id[0x22] high edge lint[0x1])
Jun 15 13:03:48 jbossserver kernel: ACPI: LAPIC_NMI (acpi_id[0x23] high edge lint[0x1])
Jun 15 13:03:48 jbossserver kernel: ACPI: LAPIC_NMI (acpi_id[0x24] high edge lint[0x1])
Jun 15 13:03:48 jbossserver kernel: ACPI: LAPIC_NMI (acpi_id[0x25] high edge lint[0x1])
Jun 15 13:03:48 jbossserver kernel: ACPI: LAPIC_NMI (acpi_id[0x26] high edge lint[0x1])
Jun 15 13:03:48 jbossserver kernel: ACPI: LAPIC_NMI (acpi_id[0x27] high edge lint[0x1])
Jun 15 13:03:48 jbossserver kernel: ACPI: LAPIC_NMI (acpi_id[0x28] high edge lint[0x1])
Jun 15 13:03:48 jbossserver kernel: ACPI: LAPIC_NMI (acpi_id[0x29] high edge lint[0x1])
Jun 15 13:03:48 jbossserver kernel: ACPI: LAPIC_NMI (acpi_id[0x2a] high edge lint[0x1])
Jun 15 13:03:48 jbossserver kernel: ACPI: LAPIC_NMI (acpi_id[0x2b] high edge lint[0x1])
Jun 15 13:03:48 jbossserver kernel: ACPI: LAPIC_NMI (acpi_id[0x2c] high edge lint[0x1])
Jun 15 13:03:48 jbossserver kernel: ACPI: LAPIC_NMI (acpi_id[0x2d] high edge lint[0x1])
Jun 15 13:03:48 jbossserver kernel: ACPI: LAPIC_NMI (acpi_id[0x2e] high edge lint[0x1])
Jun 15 13:03:48 jbossserver kernel: ACPI: LAPIC_NMI (acpi_id[0x2f] high edge lint[0x1])
Jun 15 13:03:48 jbossserver kernel: ACPI: LAPIC_NMI (acpi_id[0x30] high edge lint[0x1])
Jun 15 13:03:48 jbossserver kernel: ACPI: LAPIC_NMI (acpi_id[0x31] high edge lint[0x1])
Jun 15 13:03:48 jbossserver kernel: ACPI: LAPIC_NMI (acpi_id[0x32] high edge lint[0x1])
Jun 15 13:03:48 jbossserver kernel: ACPI: LAPIC_NMI (acpi_id[0x33] high edge lint[0x1])
Jun 15 13:03:48 jbossserver kernel: ACPI: LAPIC_NMI (acpi_id[0x34] high edge lint[0x1])
Jun 15 13:03:48 jbossserver kernel: ACPI: LAPIC_NMI (acpi_id[0x35] high edge lint[0x1])
Jun 15 13:03:48 jbossserver kernel: ACPI: LAPIC_NMI (acpi_id[0x36] high edge lint[0x1])
Jun 15 13:03:48 jbossserver kernel: ACPI: LAPIC_NMI (acpi_id[0x37] high edge lint[0x1])
Jun 15 13:03:48 jbossserver kernel: ACPI: LAPIC_NMI (acpi_id[0x38] high edge lint[0x1])
Jun 15 13:03:48 jbossserver kernel: ACPI: LAPIC_NMI (acpi_id[0x39] high edge lint[0x1])
Jun 15 13:03:48 jbossserver kernel: ACPI: LAPIC_NMI (acpi_id[0x3a] high edge lint[0x1])
Jun 15 13:03:48 jbossserver kernel: ACPI: LAPIC_NMI (acpi_id[0x3b] high edge lint[0x1])
Jun 15 13:03:48 jbossserver kernel: ACPI: LAPIC_NMI (acpi_id[0x3c] high edge lint[0x1])
Jun 15 13:03:48 jbossserver kernel: ACPI: LAPIC_NMI (acpi_id[0x3d] high edge lint[0x1])
Jun 15 13:03:48 jbossserver kernel: ACPI: LAPIC_NMI (acpi_id[0x3e] high edge lint[0x1])
Jun 15 13:03:48 jbossserver kernel: ACPI: LAPIC_NMI (acpi_id[0x3f] high edge lint[0x1])
Jun 15 13:03:48 jbossserver kernel: ACPI: LAPIC_NMI (acpi_id[0x40] high edge lint[0x1])
Jun 15 13:03:48 jbossserver kernel: ACPI: LAPIC_NMI (acpi_id[0x41] high edge lint[0x1])
Jun 15 13:03:48 jbossserver kernel: ACPI: LAPIC_NMI (acpi_id[0x42] high edge lint[0x1])
Jun 15 13:03:48 jbossserver kernel: ACPI: LAPIC_NMI (acpi_id[0x43] high edge lint[0x1])
Jun 15 13:03:48 jbossserver kernel: ACPI: LAPIC_NMI (acpi_id[0x44] high edge lint[0x1])
Jun 15 13:03:48 jbossserver kernel: ACPI: LAPIC_NMI (acpi_id[0x45] high edge lint[0x1])
Jun 15 13:03:48 jbossserver kernel: ACPI: LAPIC_NMI (acpi_id[0x46] high edge lint[0x1])
Jun 15 13:03:48 jbossserver kernel: ACPI: LAPIC_NMI (acpi_id[0x47] high edge lint[0x1])
Jun 15 13:03:48 jbossserver kernel: ACPI: LAPIC_NMI (acpi_id[0x48] high edge lint[0x1])
Jun 15 13:03:48 jbossserver kernel: ACPI: LAPIC_NMI (acpi_id[0x49] high edge lint[0x1])
Jun 15 13:03:48 jbossserver kernel: ACPI: LAPIC_NMI (acpi_id[0x4a] high edge lint[0x1])
Jun 15 13:03:48 jbossserver kernel: ACPI: LAPIC_NMI (acpi_id[0x4b] high edge lint[0x1])
Jun 15 13:03:48 jbossserver kernel: ACPI: LAPIC_NMI (acpi_id[0x4c] high edge lint[0x1])
Jun 15 13:03:48 jbossserver kernel: ACPI: LAPIC_NMI (acpi_id[0x4d] high edge lint[0x1])
Jun 15 13:03:48 jbossserver kernel: ACPI: LAPIC_NMI (acpi_id[0x4e] high edge lint[0x1])
Jun 15 13:03:48 jbossserver kernel: ACPI: LAPIC_NMI (acpi_id[0x4f] high edge lint[0x1])
Jun 15 13:03:48 jbossserver kernel: ACPI: LAPIC_NMI (acpi_id[0x50] high edge lint[0x1])
Jun 15 13:03:48 jbossserver kernel: ACPI: LAPIC_NMI (acpi_id[0x51] high edge lint[0x1])
Jun 15 13:03:48 jbossserver kernel: ACPI: LAPIC_NMI (acpi_id[0x52] high edge lint[0x1])
Jun 15 13:03:48 jbossserver kernel: ACPI: LAPIC_NMI (acpi_id[0x53] high edge lint[0x1])
Jun 15 13:03:48 jbossserver kernel: ACPI: LAPIC_NMI (acpi_id[0x54] high edge lint[0x1])
Jun 15 13:03:48 jbossserver kernel: ACPI: LAPIC_NMI (acpi_id[0x55] high edge lint[0x1])
Jun 15 13:03:48 jbossserver kernel: ACPI: LAPIC_NMI (acpi_id[0x56] high edge lint[0x1])
Jun 15 13:03:48 jbossserver kernel: ACPI: LAPIC_NMI (acpi_id[0x57] high edge lint[0x1])
Jun 15 13:03:48 jbossserver kernel: ACPI: LAPIC_NMI (acpi_id[0x58] high edge lint[0x1])
Jun 15 13:03:48 jbossserver kernel: ACPI: LAPIC_NMI (acpi_id[0x59] high edge lint[0x1])
Jun 15 13:03:48 jbossserver kernel: ACPI: LAPIC_NMI (acpi_id[0x5a] high edge lint[0x1])
Jun 15 13:03:48 jbossserver kernel: ACPI: LAPIC_NMI (acpi_id[0x5b] high edge lint[0x1])
Jun 15 13:03:48 jbossserver kernel: ACPI: LAPIC_NMI (acpi_id[0x5c] high edge lint[0x1])
Jun 15 13:03:48 jbossserver kernel: ACPI: LAPIC_NMI (acpi_id[0x5d] high edge lint[0x1])
Jun 15 13:03:48 jbossserver kernel: ACPI: LAPIC_NMI (acpi_id[0x5e] high edge lint[0x1])
Jun 15 13:03:48 jbossserver kernel: ACPI: LAPIC_NMI (acpi_id[0x5f] high edge lint[0x1])
Jun 15 13:03:48 jbossserver kernel: ACPI: LAPIC_NMI (acpi_id[0x60] high edge lint[0x1])
Jun 15 13:03:48 jbossserver kernel: ACPI: LAPIC_NMI (acpi_id[0x61] high edge lint[0x1])
Jun 15 13:03:48 jbossserver kernel: ACPI: LAPIC_NMI (acpi_id[0x62] high edge lint[0x1])
Jun 15 13:03:48 jbossserver kernel: ACPI: LAPIC_NMI (acpi_id[0x63] high edge lint[0x1])
Jun 15 13:03:48 jbossserver kernel: ACPI: LAPIC_NMI (acpi_id[0x64] high edge lint[0x1])
Jun 15 13:03:48 jbossserver kernel: ACPI: LAPIC_NMI (acpi_id[0x65] high edge lint[0x1])
Jun 15 13:03:48 jbossserver kernel: ACPI: LAPIC_NMI (acpi_id[0x66] high edge lint[0x1])
Jun 15 13:03:48 jbossserver kernel: ACPI: LAPIC_NMI (acpi_id[0x67] high edge lint[0x1])
Jun 15 13:03:48 jbossserver kernel: ACPI: LAPIC_NMI (acpi_id[0x68] high edge lint[0x1])
Jun 15 13:03:48 jbossserver kernel: ACPI: LAPIC_NMI (acpi_id[0x69] high edge lint[0x1])
Jun 15 13:03:48 jbossserver kernel: ACPI: LAPIC_NMI (acpi_id[0x6a] high edge lint[0x1])
Jun 15 13:03:48 jbossserver kernel: ACPI: LAPIC_NMI (acpi_id[0x6b] high edge lint[0x1])
Jun 15 13:03:48 jbossserver kernel: ACPI: LAPIC_NMI (acpi_id[0x6c] high edge lint[0x1])
Jun 15 13:03:48 jbossserver kernel: ACPI: LAPIC_NMI (acpi_id[0x6d] high edge lint[0x1])
Jun 15 13:03:48 jbossserver kernel: ACPI: LAPIC_NMI (acpi_id[0x6e] high edge lint[0x1])
Jun 15 13:03:48 jbossserver kernel: ACPI: LAPIC_NMI (acpi_id[0x6f] high edge lint[0x1])
Jun 15 13:03:48 jbossserver kernel: ACPI: LAPIC_NMI (acpi_id[0x70] high edge lint[0x1])
Jun 15 13:03:48 jbossserver kernel: ACPI: LAPIC_NMI (acpi_id[0x71] high edge lint[0x1])
Jun 15 13:03:48 jbossserver kernel: ACPI: LAPIC_NMI (acpi_id[0x72] high edge lint[0x1])
Jun 15 13:03:48 jbossserver kernel: ACPI: LAPIC_NMI (acpi_id[0x73] high edge lint[0x1])
Jun 15 13:03:48 jbossserver kernel: ACPI: LAPIC_NMI (acpi_id[0x74] high edge lint[0x1])
Jun 15 13:03:48 jbossserver kernel: ACPI: LAPIC_NMI (acpi_id[0x75] high edge lint[0x1])
Jun 15 13:03:48 jbossserver kernel: ACPI: LAPIC_NMI (acpi_id[0x76] high edge lint[0x1])
Jun 15 13:03:48 jbossserver kernel: ACPI: LAPIC_NMI (acpi_id[0x77] high edge lint[0x1])
Jun 15 13:03:48 jbossserver kernel: ACPI: LAPIC_NMI (acpi_id[0x78] high edge lint[0x1])
Jun 15 13:03:48 jbossserver kernel: ACPI: LAPIC_NMI (acpi_id[0x79] high edge lint[0x1])
Jun 15 13:03:48 jbossserver kernel: ACPI: LAPIC_NMI (acpi_id[0x7a] high edge lint[0x1])
Jun 15 13:03:48 jbossserver kernel: ACPI: LAPIC_NMI (acpi_id[0x7b] high edge lint[0x1])
Jun 15 13:03:48 jbossserver kernel: ACPI: LAPIC_NMI (acpi_id[0x7c] high edge lint[0x1])
Jun 15 13:03:48 jbossserver kernel: ACPI: LAPIC_NMI (acpi_id[0x7d] high edge lint[0x1])
Jun 15 13:03:48 jbossserver kernel: ACPI: LAPIC_NMI (acpi_id[0x7e] high edge lint[0x1])
Jun 15 13:03:48 jbossserver kernel: ACPI: LAPIC_NMI (acpi_id[0x7f] high edge lint[0x1])
Jun 15 13:03:48 jbossserver kernel: ACPI: IOAPIC (id[0x01] address[0xfec00000] gsi_base[0])
Jun 15 13:03:48 jbossserver kernel: IOAPIC[0]: apic_id 1, version 17, address 0xfec00000, GSI 0-23
Jun 15 13:03:48 jbossserver kernel: ACPI: INT_SRC_OVR (bus 0 bus_irq 0 global_irq 2 high edge)
Jun 15 13:03:48 jbossserver kernel: Using ACPI (MADT) for SMP configuration information
Jun 15 13:03:48 jbossserver kernel: ACPI: HPET id: 0x8086af01 base: 0xfed00000
Jun 15 13:03:48 jbossserver kernel: smpboot: Allowing 128 CPUs, 126 hotplug CPUs
Jun 15 13:03:48 jbossserver kernel: PM: Registered nosave memory: [mem 0x0009e000-0x0009efff]
Jun 15 13:03:48 jbossserver kernel: PM: Registered nosave memory: [mem 0x0009f000-0x0009ffff]
Jun 15 13:03:48 jbossserver kernel: PM: Registered nosave memory: [mem 0x000a0000-0x000dbfff]
Jun 15 13:03:48 jbossserver kernel: PM: Registered nosave memory: [mem 0x000dc000-0x000fffff]
Jun 15 13:03:48 jbossserver kernel: PM: Registered nosave memory: [mem 0x7fee0000-0x7fefefff]
Jun 15 13:03:48 jbossserver kernel: PM: Registered nosave memory: [mem 0x7feff000-0x7fefffff]
Jun 15 13:03:48 jbossserver kernel: e820: [mem 0x80000000-0xefffffff] available for PCI devices
Jun 15 13:03:48 jbossserver kernel: Booting paravirtualized kernel on bare hardware
Jun 15 13:03:48 jbossserver kernel: setup_percpu: NR_CPUS:5120 nr_cpumask_bits:128 nr_cpu_ids:128 nr_node_ids:1
Jun 15 13:03:48 jbossserver kernel: PERCPU: Embedded 33 pages/cpu @ffff88007b600000 s96728 r8192 d30248 u262144
Jun 15 13:03:48 jbossserver kernel: Built 1 zonelists in Node order, mobility grouping on.  Total pages: 515944
Jun 15 13:03:48 jbossserver kernel: Policy zone: DMA32
Jun 15 13:03:48 jbossserver kernel: Kernel command line: BOOT_IMAGE=/vmlinuz-3.10.0-514.16.1.el7.x86_64 root=/dev/mapper/centos-root ro crashkernel=auto rd.lvm.lv=centos/root rd.lvm.lv=centos/swap rhgb quiet LANG=fr_FR.UTF-8
Jun 15 13:03:48 jbossserver kernel: PID hash table entries: 4096 (order: 3, 32768 bytes)
Jun 15 13:03:48 jbossserver kernel: x86/fpu: xstate_offset[2]: 0240, xstate_sizes[2]: 0100
Jun 15 13:03:48 jbossserver kernel: xsave: enabled xstate_bv 0x7, cntxt size 0x340 using standard form
Jun 15 13:03:48 jbossserver kernel: Memory: 1845884k/2097152k available (6767k kernel code, 524k absent, 250744k reserved, 4430k data, 1680k init)
Jun 15 13:03:48 jbossserver kernel: SLUB: HWalign=64, Order=0-3, MinObjects=0, CPUs=128, Nodes=1
Jun 15 13:03:48 jbossserver kernel: Hierarchical RCU implementation.
Jun 15 13:03:48 jbossserver kernel: #011RCU restricting CPUs from NR_CPUS=5120 to nr_cpu_ids=128.
Jun 15 13:03:48 jbossserver kernel: NR_IRQS:327936 nr_irqs:1448 0
Jun 15 13:03:48 jbossserver kernel: Console: colour VGA+ 80x25
Jun 15 13:03:48 jbossserver kernel: console [tty0] enabled
Jun 15 13:03:48 jbossserver kernel: allocated 8388608 bytes of page_cgroup
Jun 15 13:03:48 jbossserver kernel: please try 'cgroup_disable=memory' option if you don't want memory cgroups
Jun 15 13:03:48 jbossserver kernel: tsc: Unable to calibrate against PIT
Jun 15 13:03:48 jbossserver kernel: tsc: HPET/PMTIMER calibration failed
Jun 15 13:03:48 jbossserver kernel: TSC freq read from hypervisor : 2394.458 MHz
Jun 15 13:03:48 jbossserver kernel: tsc: Detected 2394.458 MHz processor
Jun 15 13:03:48 jbossserver kernel: Calibrating delay loop (skipped) preset value.. 4788.91 BogoMIPS (lpj=2394458)
Jun 15 13:03:48 jbossserver kernel: pid_max: default: 131072 minimum: 1024
Jun 15 13:03:48 jbossserver kernel: Security Framework initialized
Jun 15 13:03:48 jbossserver kernel: SELinux:  Initializing.
Jun 15 13:03:48 jbossserver kernel: Dentry cache hash table entries: 262144 (order: 9, 2097152 bytes)
Jun 15 13:03:48 jbossserver kernel: Inode-cache hash table entries: 131072 (order: 8, 1048576 bytes)
Jun 15 13:03:48 jbossserver kernel: Mount-cache hash table entries: 4096
Jun 15 13:03:48 jbossserver kernel: Initializing cgroup subsys memory
Jun 15 13:03:48 jbossserver kernel: Initializing cgroup subsys devices
Jun 15 13:03:48 jbossserver kernel: Initializing cgroup subsys freezer
Jun 15 13:03:48 jbossserver kernel: Initializing cgroup subsys net_cls
Jun 15 13:03:48 jbossserver kernel: Initializing cgroup subsys blkio
Jun 15 13:03:48 jbossserver kernel: Initializing cgroup subsys perf_event
Jun 15 13:03:48 jbossserver kernel: Initializing cgroup subsys hugetlb
Jun 15 13:03:48 jbossserver kernel: Initializing cgroup subsys pids
Jun 15 13:03:48 jbossserver kernel: Initializing cgroup subsys net_prio
Jun 15 13:03:48 jbossserver kernel: Disabled fast string operations
Jun 15 13:03:48 jbossserver kernel: CPU: Physical Processor ID: 0
Jun 15 13:03:48 jbossserver kernel: ENERGY_PERF_BIAS: Set to 'normal', was 'performance'
Jun 15 13:03:48 jbossserver kernel: ENERGY_PERF_BIAS: View and update with x86_energy_perf_policy(8)
Jun 15 13:03:48 jbossserver kernel: mce: CPU supports 0 MCE banks
Jun 15 13:03:48 jbossserver kernel: Last level iTLB entries: 4KB 0, 2MB 0, 4MB 0
Jun 15 13:03:48 jbossserver kernel: Last level dTLB entries: 4KB 64, 2MB 0, 4MB 0
Jun 15 13:03:48 jbossserver kernel: tlb_flushall_shift: 6
Jun 15 13:03:48 jbossserver kernel: Freeing SMP alternatives: 28k freed
Jun 15 13:03:48 jbossserver kernel: ACPI: Core revision 20130517
Jun 15 13:03:48 jbossserver kernel: ACPI: All ACPI Tables successfully acquired
Jun 15 13:03:48 jbossserver kernel: ftrace: allocating 25812 entries in 101 pages
Jun 15 13:03:48 jbossserver kernel: smpboot: APIC(0) Converting physical 0 to logical package 0
Jun 15 13:03:48 jbossserver kernel: smpboot: APIC(2) Converting physical 2 to logical package 1
Jun 15 13:03:48 jbossserver kernel: smpboot: Max logical packages: 128
Jun 15 13:03:48 jbossserver kernel: Enabling x2apic
Jun 15 13:03:48 jbossserver kernel: Enabled x2apic
Jun 15 13:03:48 jbossserver kernel: Switched APIC routing to physical x2apic.
Jun 15 13:03:48 jbossserver kernel: ..TIMER: vector=0x30 apic1=0 pin1=2 apic2=-1 pin2=-1
Jun 15 13:03:48 jbossserver kernel: smpboot: CPU0: Intel(R) Core(TM) i5-4210U CPU @ 1.70GHz (fam: 06, model: 45, stepping: 01)
Jun 15 13:03:48 jbossserver kernel: Performance Events: 16-deep LBR, Haswell events, core PMU driver.
Jun 15 13:03:48 jbossserver kernel: core: CPUID marked event: 'cpu cycles' unavailable
Jun 15 13:03:48 jbossserver kernel: core: CPUID marked event: 'instructions' unavailable
Jun 15 13:03:48 jbossserver kernel: core: CPUID marked event: 'bus cycles' unavailable
Jun 15 13:03:48 jbossserver kernel: core: CPUID marked event: 'cache references' unavailable
Jun 15 13:03:48 jbossserver kernel: core: CPUID marked event: 'cache misses' unavailable
Jun 15 13:03:48 jbossserver kernel: core: CPUID marked event: 'branch instructions' unavailable
Jun 15 13:03:48 jbossserver kernel: core: CPUID marked event: 'branch misses' unavailable
Jun 15 13:03:48 jbossserver kernel: ... version:                1
Jun 15 13:03:48 jbossserver kernel: ... bit width:              48
Jun 15 13:03:48 jbossserver kernel: ... generic registers:      4
Jun 15 13:03:48 jbossserver kernel: ... value mask:             0000ffffffffffff
Jun 15 13:03:48 jbossserver kernel: ... max period:             000000007fffffff
Jun 15 13:03:48 jbossserver kernel: ... fixed-purpose events:   0
Jun 15 13:03:48 jbossserver kernel: ... event mask:             000000000000000f
Jun 15 13:03:48 jbossserver kernel: NMI watchdog: disabled (cpu0): hardware events not enabled
Jun 15 13:03:48 jbossserver kernel: NMI watchdog: Shutting down hard lockup detector on all cpus
Jun 15 13:03:48 jbossserver kernel: Disabled fast string operations
Jun 15 13:03:48 jbossserver kernel: mce: CPU supports 0 MCE banks
Jun 15 13:03:48 jbossserver kernel: smpboot: Booting Node   0, Processors  #1
Jun 15 13:03:48 jbossserver kernel: Brought up 2 CPUs
Jun 15 13:03:48 jbossserver kernel: smpboot: Total of 2 processors activated (9577.83 BogoMIPS)
Jun 15 13:03:48 jbossserver kernel: devtmpfs: initialized
Jun 15 13:03:48 jbossserver kernel: EVM: security.selinux
Jun 15 13:03:48 jbossserver kernel: EVM: security.ima
Jun 15 13:03:48 jbossserver kernel: EVM: security.capability
Jun 15 13:03:48 jbossserver kernel: PM: Registering ACPI NVS region [mem 0x7feff000-0x7fefffff] (4096 bytes)
Jun 15 13:03:48 jbossserver kernel: atomic64 test passed for x86-64 platform with CX8 and with SSE
Jun 15 13:03:48 jbossserver kernel: pinctrl core: initialized pinctrl subsystem
Jun 15 13:03:48 jbossserver kernel: NET: Registered protocol family 16
Jun 15 13:03:48 jbossserver kernel: ACPI: bus type PCI registered
Jun 15 13:03:48 jbossserver kernel: acpiphp: ACPI Hot Plug PCI Controller Driver version: 0.5
Jun 15 13:03:48 jbossserver kernel: PCI: MMCONFIG for domain 0000 [bus 00-7f] at [mem 0xf0000000-0xf7ffffff] (base 0xf0000000)
Jun 15 13:03:48 jbossserver kernel: PCI: MMCONFIG at [mem 0xf0000000-0xf7ffffff] reserved in E820
Jun 15 13:03:48 jbossserver kernel: PCI: Using configuration type 1 for base access
Jun 15 13:03:48 jbossserver kernel: core: PMU erratum BJ122, BV98, HSD29 workaround disabled, HT off
Jun 15 13:03:48 jbossserver kernel: ACPI: Added _OSI(Module Device)
Jun 15 13:03:48 jbossserver kernel: ACPI: Added _OSI(Processor Device)
Jun 15 13:03:48 jbossserver kernel: ACPI: Added _OSI(3.0 _SCP Extensions)
Jun 15 13:03:48 jbossserver kernel: ACPI: Added _OSI(Processor Aggregator Device)
Jun 15 13:03:48 jbossserver kernel: [Firmware Bug]: ACPI: BIOS _OSI(Linux) query ignored
Jun 15 13:03:48 jbossserver kernel: ACPI: Interpreter enabled
Jun 15 13:03:48 jbossserver kernel: ACPI: (supports S0 S1 S4 S5)
Jun 15 13:03:48 jbossserver kernel: ACPI: Using IOAPIC for interrupt routing
Jun 15 13:03:48 jbossserver kernel: PCI: Using host bridge windows from ACPI; if necessary, use "pci=nocrs" and report a bug
Jun 15 13:03:48 jbossserver kernel: ACPI: PCI Root Bridge [PCI0] (domain 0000 [bus 00-7f])
Jun 15 13:03:48 jbossserver kernel: acpi PNP0A03:00: _OSC: OS supports [ExtendedConfig ASPM ClockPM Segments MSI]
Jun 15 13:03:48 jbossserver kernel: acpi PNP0A03:00: _OSC: platform does not support [AER]
Jun 15 13:03:48 jbossserver kernel: acpi PNP0A03:00: _OSC: OS now controls [PCIeHotplug PME PCIeCapability]
Jun 15 13:03:48 jbossserver kernel: PCI host bridge to bus 0000:00
Jun 15 13:03:48 jbossserver kernel: pci_bus 0000:00: root bus resource [bus 00-7f]
Jun 15 13:03:48 jbossserver kernel: pci_bus 0000:00: root bus resource [mem 0x000a0000-0x000bffff window]
Jun 15 13:03:48 jbossserver kernel: pci_bus 0000:00: root bus resource [mem 0x000cc000-0x000cffff window]
Jun 15 13:03:48 jbossserver kernel: pci_bus 0000:00: root bus resource [mem 0x000d0000-0x000d3fff window]
Jun 15 13:03:48 jbossserver kernel: pci_bus 0000:00: root bus resource [mem 0x000d4000-0x000d7fff window]
Jun 15 13:03:48 jbossserver kernel: pci_bus 0000:00: root bus resource [mem 0x000d8000-0x000dbfff window]
Jun 15 13:03:48 jbossserver kernel: pci_bus 0000:00: root bus resource [mem 0xc0000000-0xfebfffff window]
Jun 15 13:03:48 jbossserver kernel: pci_bus 0000:00: root bus resource [io  0x0000-0x0cf7 window]
Jun 15 13:03:48 jbossserver kernel: pci_bus 0000:00: root bus resource [io  0x0d00-0xfeff window]
Jun 15 13:03:48 jbossserver kernel: pci 0000:00:07.1: legacy IDE quirk: reg 0x10: [io  0x01f0-0x01f7]
Jun 15 13:03:48 jbossserver kernel: pci 0000:00:07.1: legacy IDE quirk: reg 0x14: [io  0x03f6]
Jun 15 13:03:48 jbossserver kernel: pci 0000:00:07.1: legacy IDE quirk: reg 0x18: [io  0x0170-0x0177]
Jun 15 13:03:48 jbossserver kernel: pci 0000:00:07.1: legacy IDE quirk: reg 0x1c: [io  0x0376]
Jun 15 13:03:48 jbossserver kernel: pci 0000:00:07.3: quirk: [io  0x1000-0x103f] claimed by PIIX4 ACPI
Jun 15 13:03:48 jbossserver kernel: pci 0000:00:07.3: quirk: [io  0x1040-0x104f] claimed by PIIX4 SMB
Jun 15 13:03:48 jbossserver kernel: pci 0000:00:11.0: System wakeup disabled by ACPI
Jun 15 13:03:48 jbossserver kernel: pci 0000:00:15.0: System wakeup disabled by ACPI
Jun 15 13:03:48 jbossserver kernel: pci 0000:00:15.1: System wakeup disabled by ACPI
Jun 15 13:03:48 jbossserver kernel: pci 0000:00:15.2: System wakeup disabled by ACPI
Jun 15 13:03:48 jbossserver kernel: pci 0000:00:15.3: System wakeup disabled by ACPI
Jun 15 13:03:48 jbossserver kernel: pci 0000:00:15.4: System wakeup disabled by ACPI
Jun 15 13:03:48 jbossserver kernel: pci 0000:00:15.5: System wakeup disabled by ACPI
Jun 15 13:03:48 jbossserver kernel: pci 0000:00:15.6: System wakeup disabled by ACPI
Jun 15 13:03:48 jbossserver kernel: pci 0000:00:15.7: System wakeup disabled by ACPI
Jun 15 13:03:48 jbossserver kernel: pci 0000:00:16.0: System wakeup disabled by ACPI
Jun 15 13:03:48 jbossserver kernel: pci 0000:00:16.1: System wakeup disabled by ACPI
Jun 15 13:03:48 jbossserver kernel: pci 0000:00:16.2: System wakeup disabled by ACPI
Jun 15 13:03:48 jbossserver kernel: pci 0000:00:16.3: System wakeup disabled by ACPI
Jun 15 13:03:48 jbossserver kernel: pci 0000:00:16.4: System wakeup disabled by ACPI
Jun 15 13:03:48 jbossserver kernel: pci 0000:00:16.5: System wakeup disabled by ACPI
Jun 15 13:03:48 jbossserver kernel: pci 0000:00:16.6: System wakeup disabled by ACPI
Jun 15 13:03:48 jbossserver kernel: pci 0000:00:16.7: System wakeup disabled by ACPI
Jun 15 13:03:48 jbossserver kernel: pci 0000:00:17.0: System wakeup disabled by ACPI
Jun 15 13:03:48 jbossserver kernel: pci 0000:00:17.1: System wakeup disabled by ACPI
Jun 15 13:03:48 jbossserver kernel: pci 0000:00:17.2: System wakeup disabled by ACPI
Jun 15 13:03:48 jbossserver kernel: pci 0000:00:17.3: System wakeup disabled by ACPI
Jun 15 13:03:48 jbossserver kernel: pci 0000:00:17.4: System wakeup disabled by ACPI
Jun 15 13:03:48 jbossserver kernel: pci 0000:00:17.5: System wakeup disabled by ACPI
Jun 15 13:03:48 jbossserver kernel: pci 0000:00:17.6: System wakeup disabled by ACPI
Jun 15 13:03:48 jbossserver kernel: pci 0000:00:17.7: System wakeup disabled by ACPI
Jun 15 13:03:48 jbossserver kernel: pci 0000:00:18.0: System wakeup disabled by ACPI
Jun 15 13:03:48 jbossserver kernel: pci 0000:00:18.1: System wakeup disabled by ACPI
Jun 15 13:03:48 jbossserver kernel: pci 0000:00:18.2: System wakeup disabled by ACPI
Jun 15 13:03:48 jbossserver kernel: pci 0000:00:18.3: System wakeup disabled by ACPI
Jun 15 13:03:48 jbossserver kernel: pci 0000:00:18.4: System wakeup disabled by ACPI
Jun 15 13:03:48 jbossserver kernel: pci 0000:00:18.5: System wakeup disabled by ACPI
Jun 15 13:03:48 jbossserver kernel: pci 0000:00:18.6: System wakeup disabled by ACPI
Jun 15 13:03:48 jbossserver kernel: pci 0000:00:18.7: System wakeup disabled by ACPI
Jun 15 13:03:48 jbossserver kernel: pci 0000:00:01.0: PCI bridge to [bus 01]
Jun 15 13:03:48 jbossserver kernel: acpiphp: Slot [32] registered
Jun 15 13:03:48 jbossserver kernel: acpiphp: Slot [33] registered
Jun 15 13:03:48 jbossserver kernel: acpiphp: Slot [34] registered
Jun 15 13:03:48 jbossserver kernel: acpiphp: Slot [35] registered
Jun 15 13:03:48 jbossserver kernel: acpiphp: Slot [36] registered
Jun 15 13:03:48 jbossserver kernel: acpiphp: Slot [37] registered
Jun 15 13:03:48 jbossserver kernel: acpiphp: Slot [38] registered
Jun 15 13:03:48 jbossserver kernel: acpiphp: Slot [39] registered
Jun 15 13:03:48 jbossserver kernel: acpiphp: Slot [40] registered
Jun 15 13:03:48 jbossserver kernel: acpiphp: Slot [41] registered
Jun 15 13:03:48 jbossserver kernel: acpiphp: Slot [42] registered
Jun 15 13:03:48 jbossserver kernel: acpiphp: Slot [43] registered
Jun 15 13:03:48 jbossserver kernel: acpiphp: Slot [44] registered
Jun 15 13:03:48 jbossserver kernel: acpiphp: Slot [45] registered
Jun 15 13:03:48 jbossserver kernel: acpiphp: Slot [46] registered
Jun 15 13:03:48 jbossserver kernel: acpiphp: Slot [47] registered
Jun 15 13:03:48 jbossserver kernel: acpiphp: Slot [48] registered
Jun 15 13:03:48 jbossserver kernel: acpiphp: Slot [49] registered
Jun 15 13:03:48 jbossserver kernel: acpiphp: Slot [50] registered
Jun 15 13:03:48 jbossserver kernel: acpiphp: Slot [51] registered
Jun 15 13:03:48 jbossserver kernel: acpiphp: Slot [52] registered
Jun 15 13:03:48 jbossserver kernel: acpiphp: Slot [53] registered
Jun 15 13:03:48 jbossserver kernel: acpiphp: Slot [54] registered
Jun 15 13:03:48 jbossserver kernel: acpiphp: Slot [55] registered
Jun 15 13:03:48 jbossserver kernel: acpiphp: Slot [56] registered
Jun 15 13:03:48 jbossserver kernel: acpiphp: Slot [57] registered
Jun 15 13:03:48 jbossserver kernel: acpiphp: Slot [58] registered
Jun 15 13:03:48 jbossserver kernel: acpiphp: Slot [59] registered
Jun 15 13:03:48 jbossserver kernel: acpiphp: Slot [60] registered
Jun 15 13:03:48 jbossserver kernel: acpiphp: Slot [61] registered
Jun 15 13:03:48 jbossserver kernel: acpiphp: Slot [62] registered
Jun 15 13:03:48 jbossserver kernel: acpiphp: Slot [63] registered
Jun 15 13:03:48 jbossserver kernel: pci 0000:02:00.0: System wakeup disabled by ACPI
Jun 15 13:03:48 jbossserver kernel: pci 0000:02:01.0: System wakeup disabled by ACPI
Jun 15 13:03:48 jbossserver kernel: pci 0000:02:02.0: System wakeup disabled by ACPI
Jun 15 13:03:48 jbossserver kernel: pci 0000:02:03.0: System wakeup disabled by ACPI
Jun 15 13:03:48 jbossserver kernel: pci 0000:00:11.0: PCI bridge to [bus 02] (subtractive decode)
Jun 15 13:03:48 jbossserver kernel: pci 0000:00:15.0: PCI bridge to [bus 03]
Jun 15 13:03:48 jbossserver kernel: pci 0000:00:15.1: PCI bridge to [bus 04]
Jun 15 13:03:48 jbossserver kernel: pci 0000:00:15.2: PCI bridge to [bus 05]
Jun 15 13:03:48 jbossserver kernel: pci 0000:00:15.3: PCI bridge to [bus 06]
Jun 15 13:03:48 jbossserver kernel: pci 0000:00:15.4: PCI bridge to [bus 07]
Jun 15 13:03:48 jbossserver kernel: pci 0000:00:15.5: PCI bridge to [bus 08]
Jun 15 13:03:48 jbossserver kernel: pci 0000:00:15.6: PCI bridge to [bus 09]
Jun 15 13:03:48 jbossserver kernel: pci 0000:00:15.7: PCI bridge to [bus 0a]
Jun 15 13:03:48 jbossserver kernel: pci 0000:00:16.0: PCI bridge to [bus 0b]
Jun 15 13:03:48 jbossserver kernel: pci 0000:00:16.1: PCI bridge to [bus 0c]
Jun 15 13:03:48 jbossserver kernel: pci 0000:00:16.2: PCI bridge to [bus 0d]
Jun 15 13:03:48 jbossserver kernel: pci 0000:00:16.3: PCI bridge to [bus 0e]
Jun 15 13:03:48 jbossserver kernel: pci 0000:00:16.4: PCI bridge to [bus 0f]
Jun 15 13:03:48 jbossserver kernel: pci 0000:00:16.5: PCI bridge to [bus 10]
Jun 15 13:03:48 jbossserver kernel: pci 0000:00:16.6: PCI bridge to [bus 11]
Jun 15 13:03:48 jbossserver kernel: pci 0000:00:16.7: PCI bridge to [bus 12]
Jun 15 13:03:48 jbossserver kernel: pci 0000:00:17.0: PCI bridge to [bus 13]
Jun 15 13:03:48 jbossserver kernel: pci 0000:00:17.1: PCI bridge to [bus 14]
Jun 15 13:03:48 jbossserver kernel: pci 0000:00:17.2: PCI bridge to [bus 15]
Jun 15 13:03:48 jbossserver kernel: pci 0000:00:17.3: PCI bridge to [bus 16]
Jun 15 13:03:48 jbossserver kernel: pci 0000:00:17.4: PCI bridge to [bus 17]
Jun 15 13:03:48 jbossserver kernel: pci 0000:00:17.5: PCI bridge to [bus 18]
Jun 15 13:03:48 jbossserver kernel: pci 0000:00:17.6: PCI bridge to [bus 19]
Jun 15 13:03:48 jbossserver kernel: pci 0000:00:17.7: PCI bridge to [bus 1a]
Jun 15 13:03:48 jbossserver kernel: pci 0000:00:18.0: PCI bridge to [bus 1b]
Jun 15 13:03:48 jbossserver kernel: pci 0000:00:18.1: PCI bridge to [bus 1c]
Jun 15 13:03:48 jbossserver kernel: pci 0000:00:18.2: PCI bridge to [bus 1d]
Jun 15 13:03:48 jbossserver kernel: pci 0000:00:18.3: PCI bridge to [bus 1e]
Jun 15 13:03:48 jbossserver kernel: pci 0000:00:18.4: PCI bridge to [bus 1f]
Jun 15 13:03:48 jbossserver kernel: pci 0000:00:18.5: PCI bridge to [bus 20]
Jun 15 13:03:48 jbossserver kernel: pci 0000:00:18.6: PCI bridge to [bus 21]
Jun 15 13:03:48 jbossserver kernel: pci 0000:00:18.7: PCI bridge to [bus 22]
Jun 15 13:03:48 jbossserver kernel: ACPI: PCI Interrupt Link [LNKA] (IRQs 3 4 5 6 7 *9 10 11 14 15)
Jun 15 13:03:48 jbossserver kernel: ACPI: PCI Interrupt Link [LNKB] (IRQs 3 4 5 6 7 9 10 *11 14 15)
Jun 15 13:03:48 jbossserver kernel: ACPI: PCI Interrupt Link [LNKC] (IRQs 3 4 5 6 7 9 *10 11 14 15)
Jun 15 13:03:48 jbossserver kernel: ACPI: PCI Interrupt Link [LNKD] (IRQs 3 4 5 6 *7 9 10 11 14 15)
Jun 15 13:03:48 jbossserver kernel: System RAM resource [mem 0x10000000-0x7fffffff] cannot be added
Jun 15 13:03:48 jbossserver kernel: ACPI: Enabled 2 GPEs in block 00 to 0F
Jun 15 13:03:48 jbossserver kernel: vgaarb: device added: PCI:0000:00:0f.0,decodes=io+mem,owns=io+mem,locks=none
Jun 15 13:03:48 jbossserver kernel: vgaarb: loaded
Jun 15 13:03:48 jbossserver kernel: vgaarb: bridge control possible 0000:00:0f.0
Jun 15 13:03:48 jbossserver kernel: SCSI subsystem initialized
Jun 15 13:03:48 jbossserver kernel: ACPI: bus type USB registered
Jun 15 13:03:48 jbossserver kernel: usbcore: registered new interface driver usbfs
Jun 15 13:03:48 jbossserver kernel: usbcore: registered new interface driver hub
Jun 15 13:03:48 jbossserver kernel: usbcore: registered new device driver usb
Jun 15 13:03:48 jbossserver kernel: PCI: Using ACPI for IRQ routing
Jun 15 13:03:48 jbossserver kernel: NetLabel: Initializing
Jun 15 13:03:48 jbossserver kernel: NetLabel:  domain hash size = 128
Jun 15 13:03:48 jbossserver kernel: NetLabel:  protocols = UNLABELED CIPSOv4
Jun 15 13:03:48 jbossserver kernel: NetLabel:  unlabeled traffic allowed by default
Jun 15 13:03:48 jbossserver kernel: hpet0: at MMIO 0xfed00000, IRQs 2, 8, 0, 0, 0, 0, 0, 0, 0, 0, 0, 0, 0, 0, 0, 0
Jun 15 13:03:48 jbossserver kernel: hpet0: 16 comparators, 64-bit 14.318180 MHz counter
Jun 15 13:03:48 jbossserver kernel: Switched to clocksource hpet
Jun 15 13:03:48 jbossserver kernel: hrtimer: interrupt took 36912376 ns
Jun 15 13:03:48 jbossserver kernel: pnp: PnP ACPI init
Jun 15 13:03:48 jbossserver kernel: ACPI: bus type PNP registered
Jun 15 13:03:48 jbossserver kernel: system 00:00: [io  0x1000-0x103f] could not be reserved
Jun 15 13:03:48 jbossserver kernel: system 00:00: [io  0x1040-0x104f] has been reserved
Jun 15 13:03:48 jbossserver kernel: system 00:00: [io  0x0cf0-0x0cf1] has been reserved
Jun 15 13:03:48 jbossserver kernel: system 00:04: [mem 0xfed00000-0xfed003ff] has been reserved
Jun 15 13:03:48 jbossserver kernel: system 00:06: [io  0xfce0-0xfcff] has been reserved
Jun 15 13:03:48 jbossserver kernel: system 00:06: [mem 0xf0000000-0xf7ffffff] has been reserved
Jun 15 13:03:48 jbossserver kernel: system 00:06: [mem 0xfe800000-0xfe9fffff] has been reserved
Jun 15 13:03:48 jbossserver kernel: pnp: PnP ACPI: found 7 devices
Jun 15 13:03:48 jbossserver kernel: ACPI: bus type PNP unregistered
Jun 15 13:03:48 jbossserver kernel: pci 0000:00:0f.0: BAR 6: assigned [mem 0xc0000000-0xc0007fff pref]
Jun 15 13:03:48 jbossserver kernel: pci 0000:00:10.0: BAR 6: assigned [mem 0xc0008000-0xc000bfff pref]
Jun 15 13:03:48 jbossserver kernel: pci 0000:00:15.3: BAR 13: no space for [io  size 0x1000]
Jun 15 13:03:48 jbossserver kernel: pci 0000:00:15.3: BAR 13: failed to assign [io  size 0x1000]
Jun 15 13:03:48 jbossserver kernel: pci 0000:00:15.4: BAR 13: no space for [io  size 0x1000]
Jun 15 13:03:48 jbossserver kernel: pci 0000:00:15.4: BAR 13: failed to assign [io  size 0x1000]
Jun 15 13:03:48 jbossserver kernel: pci 0000:00:15.5: BAR 13: no space for [io  size 0x1000]
Jun 15 13:03:48 jbossserver kernel: pci 0000:00:15.5: BAR 13: failed to assign [io  size 0x1000]
Jun 15 13:03:48 jbossserver kernel: pci 0000:00:15.6: BAR 13: no space for [io  size 0x1000]
Jun 15 13:03:48 jbossserver kernel: pci 0000:00:15.6: BAR 13: failed to assign [io  size 0x1000]
Jun 15 13:03:48 jbossserver kernel: pci 0000:00:15.7: BAR 13: no space for [io  size 0x1000]
Jun 15 13:03:48 jbossserver kernel: pci 0000:00:15.7: BAR 13: failed to assign [io  size 0x1000]
Jun 15 13:03:48 jbossserver kernel: pci 0000:00:16.3: BAR 13: no space for [io  size 0x1000]
Jun 15 13:03:48 jbossserver kernel: pci 0000:00:16.3: BAR 13: failed to assign [io  size 0x1000]
Jun 15 13:03:48 jbossserver kernel: pci 0000:00:16.4: BAR 13: no space for [io  size 0x1000]
Jun 15 13:03:48 jbossserver kernel: pci 0000:00:16.4: BAR 13: failed to assign [io  size 0x1000]
Jun 15 13:03:48 jbossserver kernel: pci 0000:00:16.5: BAR 13: no space for [io  size 0x1000]
Jun 15 13:03:48 jbossserver kernel: pci 0000:00:16.5: BAR 13: failed to assign [io  size 0x1000]
Jun 15 13:03:48 jbossserver kernel: pci 0000:00:16.6: BAR 13: no space for [io  size 0x1000]
Jun 15 13:03:48 jbossserver kernel: pci 0000:00:16.6: BAR 13: failed to assign [io  size 0x1000]
Jun 15 13:03:48 jbossserver kernel: pci 0000:00:16.7: BAR 13: no space for [io  size 0x1000]
Jun 15 13:03:48 jbossserver kernel: pci 0000:00:16.7: BAR 13: failed to assign [io  size 0x1000]
Jun 15 13:03:48 jbossserver kernel: pci 0000:00:17.3: BAR 13: no space for [io  size 0x1000]
Jun 15 13:03:48 jbossserver kernel: pci 0000:00:17.3: BAR 13: failed to assign [io  size 0x1000]
Jun 15 13:03:48 jbossserver kernel: pci 0000:00:17.4: BAR 13: no space for [io  size 0x1000]
Jun 15 13:03:48 jbossserver kernel: pci 0000:00:17.4: BAR 13: failed to assign [io  size 0x1000]
Jun 15 13:03:48 jbossserver kernel: pci 0000:00:17.5: BAR 13: no space for [io  size 0x1000]
Jun 15 13:03:48 jbossserver kernel: pci 0000:00:17.5: BAR 13: failed to assign [io  size 0x1000]
Jun 15 13:03:48 jbossserver kernel: pci 0000:00:17.6: BAR 13: no space for [io  size 0x1000]
Jun 15 13:03:48 jbossserver kernel: pci 0000:00:17.6: BAR 13: failed to assign [io  size 0x1000]
Jun 15 13:03:48 jbossserver kernel: pci 0000:00:17.7: BAR 13: no space for [io  size 0x1000]
Jun 15 13:03:48 jbossserver kernel: pci 0000:00:17.7: BAR 13: failed to assign [io  size 0x1000]
Jun 15 13:03:48 jbossserver kernel: pci 0000:00:18.2: BAR 13: no space for [io  size 0x1000]
Jun 15 13:03:48 jbossserver kernel: pci 0000:00:18.2: BAR 13: failed to assign [io  size 0x1000]
Jun 15 13:03:48 jbossserver kernel: pci 0000:00:18.3: BAR 13: no space for [io  size 0x1000]
Jun 15 13:03:48 jbossserver kernel: pci 0000:00:18.3: BAR 13: failed to assign [io  size 0x1000]
Jun 15 13:03:48 jbossserver kernel: pci 0000:00:18.4: BAR 13: no space for [io  size 0x1000]
Jun 15 13:03:48 jbossserver kernel: pci 0000:00:18.4: BAR 13: failed to assign [io  size 0x1000]
Jun 15 13:03:48 jbossserver kernel: pci 0000:00:18.5: BAR 13: no space for [io  size 0x1000]
Jun 15 13:03:48 jbossserver kernel: pci 0000:00:18.5: BAR 13: failed to assign [io  size 0x1000]
Jun 15 13:03:48 jbossserver kernel: pci 0000:00:18.6: BAR 13: no space for [io  size 0x1000]
Jun 15 13:03:48 jbossserver kernel: pci 0000:00:18.6: BAR 13: failed to assign [io  size 0x1000]
Jun 15 13:03:48 jbossserver kernel: pci 0000:00:18.7: BAR 13: no space for [io  size 0x1000]
Jun 15 13:03:48 jbossserver kernel: pci 0000:00:18.7: BAR 13: failed to assign [io  size 0x1000]
Jun 15 13:03:48 jbossserver kernel: pci 0000:00:18.7: BAR 13: no space for [io  size 0x1000]
Jun 15 13:03:48 jbossserver kernel: pci 0000:00:18.7: BAR 13: failed to assign [io  size 0x1000]
Jun 15 13:03:48 jbossserver kernel: pci 0000:00:18.6: BAR 13: no space for [io  size 0x1000]
Jun 15 13:03:48 jbossserver kernel: pci 0000:00:18.6: BAR 13: failed to assign [io  size 0x1000]
Jun 15 13:03:48 jbossserver kernel: pci 0000:00:18.5: BAR 13: no space for [io  size 0x1000]
Jun 15 13:03:48 jbossserver kernel: pci 0000:00:18.5: BAR 13: failed to assign [io  size 0x1000]
Jun 15 13:03:48 jbossserver kernel: pci 0000:00:18.4: BAR 13: no space for [io  size 0x1000]
Jun 15 13:03:48 jbossserver kernel: pci 0000:00:18.4: BAR 13: failed to assign [io  size 0x1000]
Jun 15 13:03:48 jbossserver kernel: pci 0000:00:18.3: BAR 13: no space for [io  size 0x1000]
Jun 15 13:03:48 jbossserver kernel: pci 0000:00:18.3: BAR 13: failed to assign [io  size 0x1000]
Jun 15 13:03:48 jbossserver kernel: pci 0000:00:18.2: BAR 13: no space for [io  size 0x1000]
Jun 15 13:03:48 jbossserver kernel: pci 0000:00:18.2: BAR 13: failed to assign [io  size 0x1000]
Jun 15 13:03:48 jbossserver kernel: pci 0000:00:17.7: BAR 13: no space for [io  size 0x1000]
Jun 15 13:03:48 jbossserver kernel: pci 0000:00:17.7: BAR 13: failed to assign [io  size 0x1000]
Jun 15 13:03:48 jbossserver kernel: pci 0000:00:17.6: BAR 13: no space for [io  size 0x1000]
Jun 15 13:03:48 jbossserver kernel: pci 0000:00:17.6: BAR 13: failed to assign [io  size 0x1000]
Jun 15 13:03:48 jbossserver kernel: pci 0000:00:17.5: BAR 13: no space for [io  size 0x1000]
Jun 15 13:03:48 jbossserver kernel: pci 0000:00:17.5: BAR 13: failed to assign [io  size 0x1000]
Jun 15 13:03:48 jbossserver kernel: pci 0000:00:17.4: BAR 13: no space for [io  size 0x1000]
Jun 15 13:03:48 jbossserver kernel: pci 0000:00:17.4: BAR 13: failed to assign [io  size 0x1000]
Jun 15 13:03:48 jbossserver kernel: pci 0000:00:17.3: BAR 13: no space for [io  size 0x1000]
Jun 15 13:03:48 jbossserver kernel: pci 0000:00:17.3: BAR 13: failed to assign [io  size 0x1000]
Jun 15 13:03:48 jbossserver kernel: pci 0000:00:16.7: BAR 13: no space for [io  size 0x1000]
Jun 15 13:03:48 jbossserver kernel: pci 0000:00:16.7: BAR 13: failed to assign [io  size 0x1000]
Jun 15 13:03:48 jbossserver kernel: pci 0000:00:16.6: BAR 13: no space for [io  size 0x1000]
Jun 15 13:03:48 jbossserver kernel: pci 0000:00:16.6: BAR 13: failed to assign [io  size 0x1000]
Jun 15 13:03:48 jbossserver kernel: pci 0000:00:16.5: BAR 13: no space for [io  size 0x1000]
Jun 15 13:03:48 jbossserver kernel: pci 0000:00:16.5: BAR 13: failed to assign [io  size 0x1000]
Jun 15 13:03:48 jbossserver kernel: pci 0000:00:16.4: BAR 13: no space for [io  size 0x1000]
Jun 15 13:03:48 jbossserver kernel: pci 0000:00:16.4: BAR 13: failed to assign [io  size 0x1000]
Jun 15 13:03:48 jbossserver kernel: pci 0000:00:16.3: BAR 13: no space for [io  size 0x1000]
Jun 15 13:03:48 jbossserver kernel: pci 0000:00:16.3: BAR 13: failed to assign [io  size 0x1000]
Jun 15 13:03:48 jbossserver kernel: pci 0000:00:15.7: BAR 13: no space for [io  size 0x1000]
Jun 15 13:03:48 jbossserver kernel: pci 0000:00:15.7: BAR 13: failed to assign [io  size 0x1000]
Jun 15 13:03:48 jbossserver kernel: pci 0000:00:15.6: BAR 13: no space for [io  size 0x1000]
Jun 15 13:03:48 jbossserver kernel: pci 0000:00:15.6: BAR 13: failed to assign [io  size 0x1000]
Jun 15 13:03:48 jbossserver kernel: pci 0000:00:15.5: BAR 13: no space for [io  size 0x1000]
Jun 15 13:03:48 jbossserver kernel: pci 0000:00:15.5: BAR 13: failed to assign [io  size 0x1000]
Jun 15 13:03:48 jbossserver kernel: pci 0000:00:15.4: BAR 13: no space for [io  size 0x1000]
Jun 15 13:03:48 jbossserver kernel: pci 0000:00:15.4: BAR 13: failed to assign [io  size 0x1000]
Jun 15 13:03:48 jbossserver kernel: pci 0000:00:15.3: BAR 13: no space for [io  size 0x1000]
Jun 15 13:03:48 jbossserver kernel: pci 0000:00:15.3: BAR 13: failed to assign [io  size 0x1000]
Jun 15 13:03:48 jbossserver kernel: pci 0000:00:01.0: PCI bridge to [bus 01]
Jun 15 13:03:48 jbossserver kernel: pci 0000:02:01.0: BAR 6: assigned [mem 0xfd500000-0xfd50ffff pref]
Jun 15 13:03:48 jbossserver kernel: pci 0000:00:11.0: PCI bridge to [bus 02]
Jun 15 13:03:48 jbossserver kernel: pci 0000:00:11.0:   bridge window [io  0x2000-0x3fff]
Jun 15 13:03:48 jbossserver kernel: pci 0000:00:11.0:   bridge window [mem 0xfd500000-0xfdffffff]
Jun 15 13:03:48 jbossserver kernel: pci 0000:00:11.0:   bridge window [mem 0xe7b00000-0xe7ffffff 64bit pref]
Jun 15 13:03:48 jbossserver kernel: pci 0000:00:15.0: PCI bridge to [bus 03]
Jun 15 13:03:48 jbossserver kernel: pci 0000:00:15.0:   bridge window [io  0x4000-0x4fff]
Jun 15 13:03:48 jbossserver kernel: pci 0000:00:15.0:   bridge window [mem 0xfd400000-0xfd4fffff]
Jun 15 13:03:48 jbossserver kernel: pci 0000:00:15.0:   bridge window [mem 0xe7a00000-0xe7afffff 64bit pref]
Jun 15 13:03:48 jbossserver kernel: pci 0000:00:15.1: PCI bridge to [bus 04]
Jun 15 13:03:48 jbossserver kernel: pci 0000:00:15.1:   bridge window [io  0x8000-0x8fff]
Jun 15 13:03:48 jbossserver kernel: pci 0000:00:15.1:   bridge window [mem 0xfd000000-0xfd0fffff]
Jun 15 13:03:48 jbossserver kernel: pci 0000:00:15.1:   bridge window [mem 0xe7600000-0xe76fffff 64bit pref]
Jun 15 13:03:48 jbossserver kernel: pci 0000:00:15.2: PCI bridge to [bus 05]
Jun 15 13:03:48 jbossserver kernel: pci 0000:00:15.2:   bridge window [io  0xc000-0xcfff]
Jun 15 13:03:48 jbossserver kernel: pci 0000:00:15.2:   bridge window [mem 0xfcc00000-0xfccfffff]
Jun 15 13:03:48 jbossserver kernel: pci 0000:00:15.2:   bridge window [mem 0xe7200000-0xe72fffff 64bit pref]
Jun 15 13:03:48 jbossserver kernel: pci 0000:00:15.3: PCI bridge to [bus 06]
Jun 15 13:03:48 jbossserver kernel: pci 0000:00:15.3:   bridge window [mem 0xfc800000-0xfc8fffff]
Jun 15 13:03:48 jbossserver kernel: pci 0000:00:15.3:   bridge window [mem 0xe6e00000-0xe6efffff 64bit pref]
Jun 15 13:03:48 jbossserver kernel: pci 0000:00:15.4: PCI bridge to [bus 07]
Jun 15 13:03:48 jbossserver kernel: pci 0000:00:15.4:   bridge window [mem 0xfc400000-0xfc4fffff]
Jun 15 13:03:48 jbossserver kernel: pci 0000:00:15.4:   bridge window [mem 0xe6a00000-0xe6afffff 64bit pref]
Jun 15 13:03:48 jbossserver kernel: pci 0000:00:15.5: PCI bridge to [bus 08]
Jun 15 13:03:48 jbossserver kernel: pci 0000:00:15.5:   bridge window [mem 0xfc000000-0xfc0fffff]
Jun 15 13:03:48 jbossserver kernel: pci 0000:00:15.5:   bridge window [mem 0xe6600000-0xe66fffff 64bit pref]
Jun 15 13:03:48 jbossserver kernel: pci 0000:00:15.6: PCI bridge to [bus 09]
Jun 15 13:03:48 jbossserver kernel: pci 0000:00:15.6:   bridge window [mem 0xfbc00000-0xfbcfffff]
Jun 15 13:03:48 jbossserver kernel: pci 0000:00:15.6:   bridge window [mem 0xe6200000-0xe62fffff 64bit pref]
Jun 15 13:03:48 jbossserver kernel: pci 0000:00:15.7: PCI bridge to [bus 0a]
Jun 15 13:03:48 jbossserver kernel: pci 0000:00:15.7:   bridge window [mem 0xfb800000-0xfb8fffff]
Jun 15 13:03:48 jbossserver kernel: pci 0000:00:15.7:   bridge window [mem 0xe5e00000-0xe5efffff 64bit pref]
Jun 15 13:03:48 jbossserver kernel: pci 0000:00:16.0: PCI bridge to [bus 0b]
Jun 15 13:03:48 jbossserver kernel: pci 0000:00:16.0:   bridge window [io  0x5000-0x5fff]
Jun 15 13:03:48 jbossserver kernel: pci 0000:00:16.0:   bridge window [mem 0xfd300000-0xfd3fffff]
Jun 15 13:03:48 jbossserver kernel: pci 0000:00:16.0:   bridge window [mem 0xe7900000-0xe79fffff 64bit pref]
Jun 15 13:03:48 jbossserver kernel: pci 0000:00:16.1: PCI bridge to [bus 0c]
Jun 15 13:03:48 jbossserver kernel: pci 0000:00:16.1:   bridge window [io  0x9000-0x9fff]
Jun 15 13:03:48 jbossserver kernel: pci 0000:00:16.1:   bridge window [mem 0xfcf00000-0xfcffffff]
Jun 15 13:03:48 jbossserver kernel: pci 0000:00:16.1:   bridge window [mem 0xe7500000-0xe75fffff 64bit pref]
Jun 15 13:03:48 jbossserver kernel: pci 0000:00:16.2: PCI bridge to [bus 0d]
Jun 15 13:03:48 jbossserver kernel: pci 0000:00:16.2:   bridge window [io  0xd000-0xdfff]
Jun 15 13:03:48 jbossserver kernel: pci 0000:00:16.2:   bridge window [mem 0xfcb00000-0xfcbfffff]
Jun 15 13:03:48 jbossserver kernel: pci 0000:00:16.2:   bridge window [mem 0xe7100000-0xe71fffff 64bit pref]
Jun 15 13:03:48 jbossserver kernel: pci 0000:00:16.3: PCI bridge to [bus 0e]
Jun 15 13:03:48 jbossserver kernel: pci 0000:00:16.3:   bridge window [mem 0xfc700000-0xfc7fffff]
Jun 15 13:03:48 jbossserver kernel: pci 0000:00:16.3:   bridge window [mem 0xe6d00000-0xe6dfffff 64bit pref]
Jun 15 13:03:48 jbossserver kernel: pci 0000:00:16.4: PCI bridge to [bus 0f]
Jun 15 13:03:48 jbossserver kernel: pci 0000:00:16.4:   bridge window [mem 0xfc300000-0xfc3fffff]
Jun 15 13:03:48 jbossserver kernel: pci 0000:00:16.4:   bridge window [mem 0xe6900000-0xe69fffff 64bit pref]
Jun 15 13:03:48 jbossserver kernel: pci 0000:00:16.5: PCI bridge to [bus 10]
Jun 15 13:03:48 jbossserver kernel: pci 0000:00:16.5:   bridge window [mem 0xfbf00000-0xfbffffff]
Jun 15 13:03:48 jbossserver kernel: pci 0000:00:16.5:   bridge window [mem 0xe6500000-0xe65fffff 64bit pref]
Jun 15 13:03:48 jbossserver kernel: pci 0000:00:16.6: PCI bridge to [bus 11]
Jun 15 13:03:48 jbossserver kernel: pci 0000:00:16.6:   bridge window [mem 0xfbb00000-0xfbbfffff]
Jun 15 13:03:48 jbossserver kernel: pci 0000:00:16.6:   bridge window [mem 0xe6100000-0xe61fffff 64bit pref]
Jun 15 13:03:48 jbossserver kernel: pci 0000:00:16.7: PCI bridge to [bus 12]
Jun 15 13:03:48 jbossserver kernel: pci 0000:00:16.7:   bridge window [mem 0xfb700000-0xfb7fffff]
Jun 15 13:03:48 jbossserver kernel: pci 0000:00:16.7:   bridge window [mem 0xe5d00000-0xe5dfffff 64bit pref]
Jun 15 13:03:48 jbossserver kernel: pci 0000:00:17.0: PCI bridge to [bus 13]
Jun 15 13:03:48 jbossserver kernel: pci 0000:00:17.0:   bridge window [io  0x6000-0x6fff]
Jun 15 13:03:48 jbossserver kernel: pci 0000:00:17.0:   bridge window [mem 0xfd200000-0xfd2fffff]
Jun 15 13:03:48 jbossserver kernel: pci 0000:00:17.0:   bridge window [mem 0xe7800000-0xe78fffff 64bit pref]
Jun 15 13:03:48 jbossserver kernel: pci 0000:00:17.1: PCI bridge to [bus 14]
Jun 15 13:03:48 jbossserver kernel: pci 0000:00:17.1:   bridge window [io  0xa000-0xafff]
Jun 15 13:03:48 jbossserver kernel: pci 0000:00:17.1:   bridge window [mem 0xfce00000-0xfcefffff]
Jun 15 13:03:48 jbossserver kernel: pci 0000:00:17.1:   bridge window [mem 0xe7400000-0xe74fffff 64bit pref]
Jun 15 13:03:48 jbossserver kernel: pci 0000:00:17.2: PCI bridge to [bus 15]
Jun 15 13:03:48 jbossserver kernel: pci 0000:00:17.2:   bridge window [io  0xe000-0xefff]
Jun 15 13:03:48 jbossserver kernel: pci 0000:00:17.2:   bridge window [mem 0xfca00000-0xfcafffff]
Jun 15 13:03:48 jbossserver kernel: pci 0000:00:17.2:   bridge window [mem 0xe7000000-0xe70fffff 64bit pref]
Jun 15 13:03:48 jbossserver kernel: pci 0000:00:17.3: PCI bridge to [bus 16]
Jun 15 13:03:48 jbossserver kernel: pci 0000:00:17.3:   bridge window [mem 0xfc600000-0xfc6fffff]
Jun 15 13:03:48 jbossserver kernel: pci 0000:00:17.3:   bridge window [mem 0xe6c00000-0xe6cfffff 64bit pref]
Jun 15 13:03:48 jbossserver kernel: pci 0000:00:17.4: PCI bridge to [bus 17]
Jun 15 13:03:48 jbossserver kernel: pci 0000:00:17.4:   bridge window [mem 0xfc200000-0xfc2fffff]
Jun 15 13:03:48 jbossserver kernel: pci 0000:00:17.4:   bridge window [mem 0xe6800000-0xe68fffff 64bit pref]
Jun 15 13:03:48 jbossserver kernel: pci 0000:00:17.5: PCI bridge to [bus 18]
Jun 15 13:03:48 jbossserver kernel: pci 0000:00:17.5:   bridge window [mem 0xfbe00000-0xfbefffff]
Jun 15 13:03:48 jbossserver kernel: pci 0000:00:17.5:   bridge window [mem 0xe6400000-0xe64fffff 64bit pref]
Jun 15 13:03:48 jbossserver kernel: pci 0000:00:17.6: PCI bridge to [bus 19]
Jun 15 13:03:48 jbossserver kernel: pci 0000:00:17.6:   bridge window [mem 0xfba00000-0xfbafffff]
Jun 15 13:03:48 jbossserver kernel: pci 0000:00:17.6:   bridge window [mem 0xe6000000-0xe60fffff 64bit pref]
Jun 15 13:03:48 jbossserver kernel: pci 0000:00:17.7: PCI bridge to [bus 1a]
Jun 15 13:03:48 jbossserver kernel: pci 0000:00:17.7:   bridge window [mem 0xfb600000-0xfb6fffff]
Jun 15 13:03:48 jbossserver kernel: pci 0000:00:17.7:   bridge window [mem 0xe5c00000-0xe5cfffff 64bit pref]
Jun 15 13:03:48 jbossserver kernel: pci 0000:00:18.0: PCI bridge to [bus 1b]
Jun 15 13:03:48 jbossserver kernel: pci 0000:00:18.0:   bridge window [io  0x7000-0x7fff]
Jun 15 13:03:48 jbossserver kernel: pci 0000:00:18.0:   bridge window [mem 0xfd100000-0xfd1fffff]
Jun 15 13:03:48 jbossserver kernel: pci 0000:00:18.0:   bridge window [mem 0xe7700000-0xe77fffff 64bit pref]
Jun 15 13:03:48 jbossserver kernel: pci 0000:00:18.1: PCI bridge to [bus 1c]
Jun 15 13:03:48 jbossserver kernel: pci 0000:00:18.1:   bridge window [io  0xb000-0xbfff]
Jun 15 13:03:48 jbossserver kernel: pci 0000:00:18.1:   bridge window [mem 0xfcd00000-0xfcdfffff]
Jun 15 13:03:48 jbossserver kernel: pci 0000:00:18.1:   bridge window [mem 0xe7300000-0xe73fffff 64bit pref]
Jun 15 13:03:48 jbossserver kernel: pci 0000:00:18.2: PCI bridge to [bus 1d]
Jun 15 13:03:48 jbossserver kernel: pci 0000:00:18.2:   bridge window [mem 0xfc900000-0xfc9fffff]
Jun 15 13:03:48 jbossserver kernel: pci 0000:00:18.2:   bridge window [mem 0xe6f00000-0xe6ffffff 64bit pref]
Jun 15 13:03:48 jbossserver kernel: pci 0000:00:18.3: PCI bridge to [bus 1e]
Jun 15 13:03:48 jbossserver kernel: pci 0000:00:18.3:   bridge window [mem 0xfc500000-0xfc5fffff]
Jun 15 13:03:48 jbossserver kernel: pci 0000:00:18.3:   bridge window [mem 0xe6b00000-0xe6bfffff 64bit pref]
Jun 15 13:03:48 jbossserver kernel: pci 0000:00:18.4: PCI bridge to [bus 1f]
Jun 15 13:03:48 jbossserver kernel: pci 0000:00:18.4:   bridge window [mem 0xfc100000-0xfc1fffff]
Jun 15 13:03:48 jbossserver kernel: pci 0000:00:18.4:   bridge window [mem 0xe6700000-0xe67fffff 64bit pref]
Jun 15 13:03:48 jbossserver kernel: pci 0000:00:18.5: PCI bridge to [bus 20]
Jun 15 13:03:48 jbossserver kernel: pci 0000:00:18.5:   bridge window [mem 0xfbd00000-0xfbdfffff]
Jun 15 13:03:48 jbossserver kernel: pci 0000:00:18.5:   bridge window [mem 0xe6300000-0xe63fffff 64bit pref]
Jun 15 13:03:48 jbossserver kernel: pci 0000:00:18.6: PCI bridge to [bus 21]
Jun 15 13:03:48 jbossserver kernel: pci 0000:00:18.6:   bridge window [mem 0xfb900000-0xfb9fffff]
Jun 15 13:03:48 jbossserver kernel: pci 0000:00:18.6:   bridge window [mem 0xe5f00000-0xe5ffffff 64bit pref]
Jun 15 13:03:48 jbossserver kernel: pci 0000:00:18.7: PCI bridge to [bus 22]
Jun 15 13:03:48 jbossserver kernel: pci 0000:00:18.7:   bridge window [mem 0xfb500000-0xfb5fffff]
Jun 15 13:03:48 jbossserver kernel: pci 0000:00:18.7:   bridge window [mem 0xe5b00000-0xe5bfffff 64bit pref]
Jun 15 13:03:48 jbossserver kernel: NET: Registered protocol family 2
Jun 15 13:03:48 jbossserver kernel: TCP established hash table entries: 16384 (order: 5, 131072 bytes)
Jun 15 13:03:48 jbossserver kernel: TCP bind hash table entries: 16384 (order: 6, 262144 bytes)
Jun 15 13:03:48 jbossserver kernel: TCP: Hash tables configured (established 16384 bind 16384)
Jun 15 13:03:48 jbossserver kernel: TCP: reno registered
Jun 15 13:03:48 jbossserver kernel: UDP hash table entries: 1024 (order: 3, 32768 bytes)
Jun 15 13:03:48 jbossserver kernel: UDP-Lite hash table entries: 1024 (order: 3, 32768 bytes)
Jun 15 13:03:48 jbossserver kernel: NET: Registered protocol family 1
Jun 15 13:03:48 jbossserver kernel: pci 0000:00:00.0: Limiting direct PCI/PCI transfers
Jun 15 13:03:48 jbossserver kernel: Unpacking initramfs...
Jun 15 13:03:48 jbossserver kernel: Freeing initrd memory: 19700k freed
Jun 15 13:03:48 jbossserver kernel: RAPL PMU: API unit is 2^-32 Joules, 4 fixed counters, 10737418240 ms ovfl timer
Jun 15 13:03:48 jbossserver kernel: RAPL PMU: hw unit of domain pp0-core 2^-0 Joules
Jun 15 13:03:48 jbossserver kernel: RAPL PMU: hw unit of domain package 2^-0 Joules
Jun 15 13:03:48 jbossserver kernel: RAPL PMU: hw unit of domain dram 2^-0 Joules
Jun 15 13:03:48 jbossserver kernel: RAPL PMU: hw unit of domain pp1-gpu 2^-0 Joules
Jun 15 13:03:48 jbossserver kernel: Simple Boot Flag at 0x36 set to 0x80
Jun 15 13:03:48 jbossserver kernel: Switched to clocksource tsc
Jun 15 13:03:48 jbossserver kernel: sha1_ssse3: Using AVX2 optimized SHA-1 implementation
Jun 15 13:03:48 jbossserver kernel: sha256_ssse3: Using AVX2 optimized SHA-256 implementation
Jun 15 13:03:48 jbossserver kernel: futex hash table entries: 32768 (order: 9, 2097152 bytes)
Jun 15 13:03:48 jbossserver kernel: Initialise system trusted keyring
Jun 15 13:03:48 jbossserver kernel: audit: initializing netlink socket (disabled)
Jun 15 13:03:48 jbossserver kernel: type=2000 audit(1497524616.022:1): initialized
Jun 15 13:03:48 jbossserver kernel: HugeTLB registered 1 GB page size, pre-allocated 0 pages
Jun 15 13:03:48 jbossserver kernel: HugeTLB registered 2 MB page size, pre-allocated 0 pages
Jun 15 13:03:48 jbossserver kernel: zpool: loaded
Jun 15 13:03:48 jbossserver kernel: zbud: loaded
Jun 15 13:03:48 jbossserver kernel: VFS: Disk quotas dquot_6.5.2
Jun 15 13:03:48 jbossserver kernel: Dquot-cache hash table entries: 512 (order 0, 4096 bytes)
Jun 15 13:03:48 jbossserver kernel: msgmni has been set to 3643
Jun 15 13:03:48 jbossserver kernel: Key type big_key registered
Jun 15 13:03:48 jbossserver kernel: NET: Registered protocol family 38
Jun 15 13:03:48 jbossserver kernel: Key type asymmetric registered
Jun 15 13:03:48 jbossserver kernel: Asymmetric key parser 'x509' registered
Jun 15 13:03:48 jbossserver kernel: Block layer SCSI generic (bsg) driver version 0.4 loaded (major 251)
Jun 15 13:03:48 jbossserver kernel: io scheduler noop registered
Jun 15 13:03:48 jbossserver kernel: io scheduler deadline registered (default)
Jun 15 13:03:48 jbossserver kernel: io scheduler cfq registered
Jun 15 13:03:48 jbossserver kernel: pcieport 0000:00:15.0: Signaling PME through PCIe PME interrupt
Jun 15 13:03:48 jbossserver kernel: pcieport 0000:00:15.1: Signaling PME through PCIe PME interrupt
Jun 15 13:03:48 jbossserver kernel: pcieport 0000:00:15.2: Signaling PME through PCIe PME interrupt
Jun 15 13:03:48 jbossserver kernel: pcieport 0000:00:15.3: Signaling PME through PCIe PME interrupt
Jun 15 13:03:48 jbossserver kernel: pcieport 0000:00:15.4: Signaling PME through PCIe PME interrupt
Jun 15 13:03:48 jbossserver kernel: pcieport 0000:00:15.5: Signaling PME through PCIe PME interrupt
Jun 15 13:03:48 jbossserver kernel: pcieport 0000:00:15.6: Signaling PME through PCIe PME interrupt
Jun 15 13:03:49 jbossserver kernel: pcieport 0000:00:15.7: Signaling PME through PCIe PME interrupt
Jun 15 13:03:49 jbossserver kernel: pcieport 0000:00:16.0: Signaling PME through PCIe PME interrupt
Jun 15 13:03:49 jbossserver kernel: pcieport 0000:00:16.1: Signaling PME through PCIe PME interrupt
Jun 15 13:03:49 jbossserver kernel: pcieport 0000:00:16.2: Signaling PME through PCIe PME interrupt
Jun 15 13:03:49 jbossserver kernel: pcieport 0000:00:16.3: Signaling PME through PCIe PME interrupt
Jun 15 13:03:49 jbossserver kernel: pcieport 0000:00:16.4: Signaling PME through PCIe PME interrupt
Jun 15 13:03:49 jbossserver kernel: pcieport 0000:00:16.5: Signaling PME through PCIe PME interrupt
Jun 15 13:03:49 jbossserver kernel: pcieport 0000:00:16.6: Signaling PME through PCIe PME interrupt
Jun 15 13:03:49 jbossserver kernel: pcieport 0000:00:16.7: Signaling PME through PCIe PME interrupt
Jun 15 13:03:49 jbossserver kernel: pcieport 0000:00:17.0: Signaling PME through PCIe PME interrupt
Jun 15 13:03:49 jbossserver kernel: pcieport 0000:00:17.1: Signaling PME through PCIe PME interrupt
Jun 15 13:03:49 jbossserver kernel: pcieport 0000:00:17.2: Signaling PME through PCIe PME interrupt
Jun 15 13:03:49 jbossserver kernel: pcieport 0000:00:17.3: Signaling PME through PCIe PME interrupt
Jun 15 13:03:49 jbossserver kernel: pcieport 0000:00:17.4: Signaling PME through PCIe PME interrupt
Jun 15 13:03:49 jbossserver kernel: pcieport 0000:00:17.5: Signaling PME through PCIe PME interrupt
Jun 15 13:03:49 jbossserver kernel: pcieport 0000:00:17.6: Signaling PME through PCIe PME interrupt
Jun 15 13:03:49 jbossserver kernel: pcieport 0000:00:17.7: Signaling PME through PCIe PME interrupt
Jun 15 13:03:49 jbossserver kernel: pcieport 0000:00:18.0: Signaling PME through PCIe PME interrupt
Jun 15 13:03:49 jbossserver kernel: pcieport 0000:00:18.1: Signaling PME through PCIe PME interrupt
Jun 15 13:03:49 jbossserver kernel: pcieport 0000:00:18.2: Signaling PME through PCIe PME interrupt
Jun 15 13:03:49 jbossserver kernel: pcieport 0000:00:18.3: Signaling PME through PCIe PME interrupt
Jun 15 13:03:49 jbossserver kernel: pcieport 0000:00:18.4: Signaling PME through PCIe PME interrupt
Jun 15 13:03:49 jbossserver kernel: pcieport 0000:00:18.5: Signaling PME through PCIe PME interrupt
Jun 15 13:03:49 jbossserver kernel: pcieport 0000:00:18.6: Signaling PME through PCIe PME interrupt
Jun 15 13:03:49 jbossserver kernel: pcieport 0000:00:18.7: Signaling PME through PCIe PME interrupt
Jun 15 13:03:49 jbossserver kernel: pci_hotplug: PCI Hot Plug PCI Core version: 0.5
Jun 15 13:03:49 jbossserver kernel: pciehp 0000:00:15.0:pcie04: Slot #160 AttnBtn+ PwrCtrl+ MRL- AttnInd- PwrInd- HotPlug+ Surprise- Interlock- NoCompl+ LLActRep+
Jun 15 13:03:49 jbossserver kernel: pciehp 0000:00:15.1:pcie04: Slot #161 AttnBtn+ PwrCtrl+ MRL- AttnInd- PwrInd- HotPlug+ Surprise- Interlock- NoCompl+ LLActRep+
Jun 15 13:03:49 jbossserver kernel: pciehp 0000:00:15.2:pcie04: Slot #162 AttnBtn+ PwrCtrl+ MRL- AttnInd- PwrInd- HotPlug+ Surprise- Interlock- NoCompl+ LLActRep+
Jun 15 13:03:49 jbossserver kernel: pciehp 0000:00:15.3:pcie04: Slot #163 AttnBtn+ PwrCtrl+ MRL- AttnInd- PwrInd- HotPlug+ Surprise- Interlock- NoCompl+ LLActRep+
Jun 15 13:03:49 jbossserver kernel: pciehp 0000:00:15.4:pcie04: Slot #164 AttnBtn+ PwrCtrl+ MRL- AttnInd- PwrInd- HotPlug+ Surprise- Interlock- NoCompl+ LLActRep+
Jun 15 13:03:49 jbossserver kernel: pciehp 0000:00:15.5:pcie04: Slot #165 AttnBtn+ PwrCtrl+ MRL- AttnInd- PwrInd- HotPlug+ Surprise- Interlock- NoCompl+ LLActRep+
Jun 15 13:03:49 jbossserver kernel: pciehp 0000:00:15.6:pcie04: Slot #166 AttnBtn+ PwrCtrl+ MRL- AttnInd- PwrInd- HotPlug+ Surprise- Interlock- NoCompl+ LLActRep+
Jun 15 13:03:49 jbossserver kernel: pciehp 0000:00:15.7:pcie04: Slot #167 AttnBtn+ PwrCtrl+ MRL- AttnInd- PwrInd- HotPlug+ Surprise- Interlock- NoCompl+ LLActRep+
Jun 15 13:03:49 jbossserver kernel: pciehp 0000:00:16.0:pcie04: Slot #192 AttnBtn+ PwrCtrl+ MRL- AttnInd- PwrInd- HotPlug+ Surprise- Interlock- NoCompl+ LLActRep+
Jun 15 13:03:49 jbossserver kernel: pciehp 0000:00:16.1:pcie04: Slot #193 AttnBtn+ PwrCtrl+ MRL- AttnInd- PwrInd- HotPlug+ Surprise- Interlock- NoCompl+ LLActRep+
Jun 15 13:03:49 jbossserver kernel: pciehp 0000:00:16.2:pcie04: Slot #194 AttnBtn+ PwrCtrl+ MRL- AttnInd- PwrInd- HotPlug+ Surprise- Interlock- NoCompl+ LLActRep+
Jun 15 13:03:49 jbossserver kernel: pciehp 0000:00:16.3:pcie04: Slot #195 AttnBtn+ PwrCtrl+ MRL- AttnInd- PwrInd- HotPlug+ Surprise- Interlock- NoCompl+ LLActRep+
Jun 15 13:03:49 jbossserver kernel: pciehp 0000:00:16.4:pcie04: Slot #196 AttnBtn+ PwrCtrl+ MRL- AttnInd- PwrInd- HotPlug+ Surprise- Interlock- NoCompl+ LLActRep+
Jun 15 13:03:49 jbossserver kernel: pciehp 0000:00:16.5:pcie04: Slot #197 AttnBtn+ PwrCtrl+ MRL- AttnInd- PwrInd- HotPlug+ Surprise- Interlock- NoCompl+ LLActRep+
Jun 15 13:03:49 jbossserver kernel: pciehp 0000:00:16.6:pcie04: Slot #198 AttnBtn+ PwrCtrl+ MRL- AttnInd- PwrInd- HotPlug+ Surprise- Interlock- NoCompl+ LLActRep+
Jun 15 13:03:49 jbossserver kernel: pciehp 0000:00:16.7:pcie04: Slot #199 AttnBtn+ PwrCtrl+ MRL- AttnInd- PwrInd- HotPlug+ Surprise- Interlock- NoCompl+ LLActRep+
Jun 15 13:03:49 jbossserver kernel: pciehp 0000:00:17.0:pcie04: Slot #224 AttnBtn+ PwrCtrl+ MRL- AttnInd- PwrInd- HotPlug+ Surprise- Interlock- NoCompl+ LLActRep+
Jun 15 13:03:49 jbossserver kernel: pciehp 0000:00:17.1:pcie04: Slot #225 AttnBtn+ PwrCtrl+ MRL- AttnInd- PwrInd- HotPlug+ Surprise- Interlock- NoCompl+ LLActRep+
Jun 15 13:03:49 jbossserver kernel: pciehp 0000:00:17.2:pcie04: Slot #226 AttnBtn+ PwrCtrl+ MRL- AttnInd- PwrInd- HotPlug+ Surprise- Interlock- NoCompl+ LLActRep+
Jun 15 13:03:49 jbossserver kernel: pciehp 0000:00:17.3:pcie04: Slot #227 AttnBtn+ PwrCtrl+ MRL- AttnInd- PwrInd- HotPlug+ Surprise- Interlock- NoCompl+ LLActRep+
Jun 15 13:03:49 jbossserver kernel: pciehp 0000:00:17.4:pcie04: Slot #228 AttnBtn+ PwrCtrl+ MRL- AttnInd- PwrInd- HotPlug+ Surprise- Interlock- NoCompl+ LLActRep+
Jun 15 13:03:49 jbossserver kernel: pciehp 0000:00:17.5:pcie04: Slot #229 AttnBtn+ PwrCtrl+ MRL- AttnInd- PwrInd- HotPlug+ Surprise- Interlock- NoCompl+ LLActRep+
Jun 15 13:03:49 jbossserver kernel: pciehp 0000:00:17.6:pcie04: Slot #230 AttnBtn+ PwrCtrl+ MRL- AttnInd- PwrInd- HotPlug+ Surprise- Interlock- NoCompl+ LLActRep+
Jun 15 13:03:49 jbossserver kernel: pciehp 0000:00:17.7:pcie04: Slot #231 AttnBtn+ PwrCtrl+ MRL- AttnInd- PwrInd- HotPlug+ Surprise- Interlock- NoCompl+ LLActRep+
Jun 15 13:03:49 jbossserver kernel: pciehp 0000:00:18.0:pcie04: Slot #256 AttnBtn+ PwrCtrl+ MRL- AttnInd- PwrInd- HotPlug+ Surprise- Interlock- NoCompl+ LLActRep+
Jun 15 13:03:49 jbossserver kernel: pciehp 0000:00:18.1:pcie04: Slot #257 AttnBtn+ PwrCtrl+ MRL- AttnInd- PwrInd- HotPlug+ Surprise- Interlock- NoCompl+ LLActRep+
Jun 15 13:03:49 jbossserver kernel: pciehp 0000:00:18.2:pcie04: Slot #258 AttnBtn+ PwrCtrl+ MRL- AttnInd- PwrInd- HotPlug+ Surprise- Interlock- NoCompl+ LLActRep+
Jun 15 13:03:49 jbossserver kernel: pciehp 0000:00:18.3:pcie04: Slot #259 AttnBtn+ PwrCtrl+ MRL- AttnInd- PwrInd- HotPlug+ Surprise- Interlock- NoCompl+ LLActRep+
Jun 15 13:03:49 jbossserver kernel: pciehp 0000:00:18.4:pcie04: Slot #260 AttnBtn+ PwrCtrl+ MRL- AttnInd- PwrInd- HotPlug+ Surprise- Interlock- NoCompl+ LLActRep+
Jun 15 13:03:49 jbossserver kernel: pciehp 0000:00:18.5:pcie04: Slot #261 AttnBtn+ PwrCtrl+ MRL- AttnInd- PwrInd- HotPlug+ Surprise- Interlock- NoCompl+ LLActRep+
Jun 15 13:03:49 jbossserver kernel: pciehp 0000:00:18.6:pcie04: Slot #262 AttnBtn+ PwrCtrl+ MRL- AttnInd- PwrInd- HotPlug+ Surprise- Interlock- NoCompl+ LLActRep+
Jun 15 13:03:49 jbossserver kernel: pciehp 0000:00:18.7:pcie04: Slot #263 AttnBtn+ PwrCtrl+ MRL- AttnInd- PwrInd- HotPlug+ Surprise- Interlock- NoCompl+ LLActRep+
Jun 15 13:03:49 jbossserver kernel: pciehp: PCI Express Hot Plug Controller Driver version: 0.4
Jun 15 13:03:49 jbossserver kernel: ACPI: AC Adapter [ACAD] (on-line)
Jun 15 13:03:49 jbossserver kernel: input: Power Button as /devices/LNXSYSTM:00/LNXPWRBN:00/input/input0
Jun 15 13:03:49 jbossserver kernel: ACPI: Power Button [PWRF]
Jun 15 13:03:49 jbossserver kernel: GHES: HEST is not enabled!
Jun 15 13:03:49 jbossserver kernel: Serial: 8250/16550 driver, 4 ports, IRQ sharing enabled
Jun 15 13:03:49 jbossserver kernel: 00:05: ttyS0 at I/O 0x3f8 (irq = 4) is a 16550A
Jun 15 13:03:49 jbossserver kernel: Non-volatile memory driver v1.3
Jun 15 13:03:49 jbossserver kernel: Linux agpgart interface v0.103
Jun 15 13:03:49 jbossserver kernel: agpgart-intel 0000:00:00.0: Intel 440BX Chipset
Jun 15 13:03:49 jbossserver kernel: agpgart-intel 0000:00:00.0: AGP aperture is 256M @ 0x0
Jun 15 13:03:49 jbossserver kernel: crash memory driver: version 1.1
Jun 15 13:03:49 jbossserver kernel: rdac: device handler registered
Jun 15 13:03:49 jbossserver kernel: hp_sw: device handler registered
Jun 15 13:03:49 jbossserver kernel: emc: device handler registered
Jun 15 13:03:49 jbossserver kernel: alua: device handler registered
Jun 15 13:03:49 jbossserver kernel: libphy: Fixed MDIO Bus: probed
Jun 15 13:03:49 jbossserver kernel: ehci_hcd: USB 2.0 'Enhanced' Host Controller (EHCI) Driver
Jun 15 13:03:49 jbossserver kernel: ehci-pci: EHCI PCI platform driver
Jun 15 13:03:49 jbossserver kernel: ehci-pci 0000:02:03.0: EHCI Host Controller
Jun 15 13:03:49 jbossserver kernel: ehci-pci 0000:02:03.0: new USB bus registered, assigned bus number 1
Jun 15 13:03:49 jbossserver kernel: ehci-pci 0000:02:03.0: irq 17, io mem 0xfd5ef000
Jun 15 13:03:49 jbossserver kernel: ehci-pci 0000:02:03.0: USB 2.0 started, EHCI 1.00
Jun 15 13:03:49 jbossserver kernel: usb usb1: New USB device found, idVendor=1d6b, idProduct=0002
Jun 15 13:03:49 jbossserver kernel: usb usb1: New USB device strings: Mfr=3, Product=2, SerialNumber=1
Jun 15 13:03:49 jbossserver kernel: usb usb1: Product: EHCI Host Controller
Jun 15 13:03:49 jbossserver kernel: usb usb1: Manufacturer: Linux 3.10.0-514.16.1.el7.x86_64 ehci_hcd
Jun 15 13:03:49 jbossserver kernel: usb usb1: SerialNumber: 0000:02:03.0
Jun 15 13:03:49 jbossserver kernel: hub 1-0:1.0: USB hub found
Jun 15 13:03:49 jbossserver kernel: hub 1-0:1.0: 6 ports detected
Jun 15 13:03:49 jbossserver kernel: ohci_hcd: USB 1.1 'Open' Host Controller (OHCI) Driver
Jun 15 13:03:49 jbossserver kernel: ohci-pci: OHCI PCI platform driver
Jun 15 13:03:49 jbossserver kernel: uhci_hcd: USB Universal Host Controller Interface driver
Jun 15 13:03:49 jbossserver kernel: uhci_hcd 0000:02:00.0: UHCI Host Controller
Jun 15 13:03:49 jbossserver kernel: uhci_hcd 0000:02:00.0: new USB bus registered, assigned bus number 2
Jun 15 13:03:49 jbossserver kernel: uhci_hcd 0000:02:00.0: detected 2 ports
Jun 15 13:03:49 jbossserver kernel: uhci_hcd 0000:02:00.0: irq 18, io base 0x00002080
Jun 15 13:03:49 jbossserver kernel: usb usb2: New USB device found, idVendor=1d6b, idProduct=0001
Jun 15 13:03:49 jbossserver kernel: usb usb2: New USB device strings: Mfr=3, Product=2, SerialNumber=1
Jun 15 13:03:49 jbossserver kernel: usb usb2: Product: UHCI Host Controller
Jun 15 13:03:49 jbossserver kernel: usb usb2: Manufacturer: Linux 3.10.0-514.16.1.el7.x86_64 uhci_hcd
Jun 15 13:03:49 jbossserver kernel: usb usb2: SerialNumber: 0000:02:00.0
Jun 15 13:03:49 jbossserver kernel: hub 2-0:1.0: USB hub found
Jun 15 13:03:49 jbossserver kernel: hub 2-0:1.0: 2 ports detected
Jun 15 13:03:49 jbossserver kernel: usbcore: registered new interface driver usbserial
Jun 15 13:03:49 jbossserver kernel: usbcore: registered new interface driver usbserial_generic
Jun 15 13:03:49 jbossserver kernel: usbserial: USB Serial support registered for generic
Jun 15 13:03:49 jbossserver kernel: i8042: PNP: PS/2 Controller [PNP0303:KBC,PNP0f13:MOUS] at 0x60,0x64 irq 1,12
Jun 15 13:03:49 jbossserver kernel: serio: i8042 KBD port at 0x60,0x64 irq 1
Jun 15 13:03:49 jbossserver kernel: serio: i8042 AUX port at 0x60,0x64 irq 12
Jun 15 13:03:49 jbossserver kernel: mousedev: PS/2 mouse device common for all mice
Jun 15 13:03:49 jbossserver kernel: input: AT Translated Set 2 keyboard as /devices/platform/i8042/serio0/input/input1
Jun 15 13:03:49 jbossserver kernel: input: VirtualPS/2 VMware VMMouse as /devices/platform/i8042/serio1/input/input2
Jun 15 13:03:49 jbossserver kernel: rtc_cmos 00:01: rtc core: registered rtc_cmos as rtc0
Jun 15 13:03:49 jbossserver kernel: input: VirtualPS/2 VMware VMMouse as /devices/platform/i8042/serio1/input/input3
Jun 15 13:03:49 jbossserver kernel: rtc_cmos 00:01: alarms up to one month, y3k, 114 bytes nvram, hpet irqs
Jun 15 13:03:49 jbossserver kernel: cpuidle: using governor menu
Jun 15 13:03:49 jbossserver kernel: hidraw: raw HID events driver (C) Jiri Kosina
Jun 15 13:03:49 jbossserver kernel: usbcore: registered new interface driver usbhid
Jun 15 13:03:49 jbossserver kernel: usbhid: USB HID core driver
Jun 15 13:03:49 jbossserver kernel: drop_monitor: Initializing network drop monitor service
Jun 15 13:03:49 jbossserver kernel: TCP: cubic registered
Jun 15 13:03:49 jbossserver kernel: Initializing XFRM netlink socket
Jun 15 13:03:49 jbossserver kernel: NET: Registered protocol family 10
Jun 15 13:03:49 jbossserver kernel: usb 2-1: new full-speed USB device number 2 using uhci_hcd
Jun 15 13:03:49 jbossserver kernel: NET: Registered protocol family 17
Jun 15 13:03:49 jbossserver kernel: microcode: CPU0 sig=0x40651, pf=0x1, revision=0x1c
Jun 15 13:03:49 jbossserver kernel: microcode: CPU1 sig=0x40651, pf=0x1, revision=0x1c
Jun 15 13:03:49 jbossserver kernel: microcode: Microcode Update Driver: v2.01 <tigran@aivazian.fsnet.co.uk>, Peter Oruba
Jun 15 13:03:49 jbossserver kernel: Loading compiled-in X.509 certificates
Jun 15 13:03:49 jbossserver kernel: Loaded X.509 cert 'CentOS Linux kpatch signing key: ea0413152cde1d98ebdca3fe6f0230904c9ef717'
Jun 15 13:03:49 jbossserver kernel: Loaded X.509 cert 'CentOS Linux Driver update signing key: 7f421ee0ab69461574bb358861dbe77762a4201b'
Jun 15 13:03:49 jbossserver kernel: Loaded X.509 cert 'CentOS Linux kernel signing key: 3fe1eb8b4f91d484cd55448454a024de5634e106'
Jun 15 13:03:49 jbossserver kernel: registered taskstats version 1
Jun 15 13:03:49 jbossserver kernel: usb 2-1: New USB device found, idVendor=0e0f, idProduct=0003
Jun 15 13:03:49 jbossserver kernel: usb 2-1: New USB device strings: Mfr=1, Product=2, SerialNumber=0
Jun 15 13:03:49 jbossserver kernel: usb 2-1: Product: VMware Virtual USB Mouse
Jun 15 13:03:49 jbossserver kernel: usb 2-1: Manufacturer: VMware
Jun 15 13:03:49 jbossserver kernel: Key type trusted registered
Jun 15 13:03:49 jbossserver kernel: input: VMware VMware Virtual USB Mouse as /devices/pci0000:00/0000:00:11.0/0000:02:00.0/usb2/2-1/2-1:1.0/input/input4
Jun 15 13:03:49 jbossserver kernel: hid-generic 0003:0E0F:0003.0001: input,hidraw0: USB HID v1.10 Mouse [VMware VMware Virtual USB Mouse] on usb-0000:02:00.0-1/input0
Jun 15 13:03:49 jbossserver kernel: usb 2-2: new full-speed USB device number 3 using uhci_hcd
Jun 15 13:03:49 jbossserver kernel: Key type encrypted registered
